Steam_scrapper/Database_of_items_price/AK-47 _ Vulcan Well-Worn.csv
Date,Price,Quantity Sold,exterior,rarity
May 02 2014 01: +0,126.422,10,Well-Worn,Covert
May 03 2014 01: +0,100.622,11,Well-Worn,Covert
May 04 2014 01: +0,84.743,16,Well-Worn,Covert
May 05 2014 01: +0,84.413,11,Well-Worn,Covert
May 06 2014 01: +0,70.534,15,Well-Worn,Covert
May 07 2014 01: +0,78.112,14,Well-Worn,Covert
May 08 2014 01: +0,74.516,8,Well-Worn,Covert
May 09 2014 01: +0,65.184,20,Well-Worn,Covert
May 10 2014 01: +0,60.782,17,Well-Worn,Covert
May 11 2014 01: +0,57.667,17,Well-Worn,Covert
May 12 2014 01: +0,56.349,17,Well-Worn,Covert
May 13 2014 01: +0,48.914,21,Well-Worn,Covert
May 14 2014 01: +0,51.367,20,Well-Worn,Covert
May 15 2014 01: +0,55.318,22,Well-Worn,Covert
May 16 2014 01: +0,59.389,11,Well-Worn,Covert
May 17 2014 01: +0,58.434,18,Well-Worn,Covert
May 18 2014 01: +0,50.908,12,Well-Worn,Covert
May 19 2014 01: +0,49.545,29,Well-Worn,Covert
May 20 2014 01: +0,50.615,15,Well-Worn,Covert
May 21 2014 01: +0,53.854,15,Well-Worn,Covert
May 22 2014 01: +0,52.197,18,Well-Worn,Covert
May 23 2014 01: +0,47.371,26,Well-Worn,Covert
May 24 2014 01: +0,47.641,33,Well-Worn,Covert
May 25 2014 01: +0,44.982,26,Well-Worn,Covert
May 26 2014 01: +0,47.044,24,Well-Worn,Covert
May 27 2014 01: +0,44.693,24,Well-Worn,Covert
May 28 2014 01: +0,43.217,27,Well-Worn,Covert
May 29 2014 01: +0,43.932,28,Well-Worn,Covert
May 30 2014 01: +0,45.86,28,Well-Worn,Covert
May 31 2014 01: +0,44.578,16,Well-Worn,Covert
Jun 01 2014 01: +0,43.077,34,Well-Worn,Covert
Jun 02 2014 01: +0,41.15,22,Well-Worn,Covert
Jun 03 2014 01: +0,39.67,25,Well-Worn,Covert
Jun 04 2014 01: +0,41.175,29,Well-Worn,Covert
Jun 05 2014 01: +0,41.672,32,Well-Worn,Covert
Jun 06 2014 01: +0,39.317,28,Well-Worn,Covert
Jun 07 2014 01: +0,40.607,29,Well-Worn,Covert
Jun 08 2014 01: +0,35.569,31,Well-Worn,Covert
Jun 09 2014 01: +0,38.186,36,Well-Worn,Covert
Jun 10 2014 01: +0,39.223,35,Well-Worn,Covert
Jun 11 2014 01: +0,39.358,23,Well-Worn,Covert
Jun 12 2014 01: +0,38.001,37,Well-Worn,Covert
Jun 13 2014 01: +0,40.076,27,Well-Worn,Covert
Jun 14 2014 01: +0,37.011,31,Well-Worn,Covert
Jun 15 2014 01: +0,40.189,36,Well-Worn,Covert
Jun 16 2014 01: +0,40.379,36,Well-Worn,Covert
Jun 17 2014 01: +0,42.268,29,Well-Worn,Covert
Jun 18 2014 01: +0,39.333,22,Well-Worn,Covert
Jun 19 2014 01: +0,39.45,29,Well-Worn,Covert
Jun 20 2014 01: +0,35.028,37,Well-Worn,Covert
Jun 21 2014 01: +0,36.956,32,Well-Worn,Covert
Jun 22 2014 01: +0,32.94,34,Well-Worn,Covert
Jun 23 2014 01: +0,33.606,48,Well-Worn,Covert
Jun 24 2014 01: +0,34.589,21,Well-Worn,Covert
Jun 25 2014 01: +0,33.813,36,Well-Worn,Covert
Jun 26 2014 01: +0,34.138,30,Well-Worn,Covert
Jun 27 2014 01: +0,35.236,49,Well-Worn,Covert
Jun 28 2014 01: +0,38.008,30,Well-Worn,Covert
Jun 29 2014 01: +0,39.029,35,Well-Worn,Covert
Jun 30 2014 01: +0,38.797,32,Well-Worn,Covert
Jul 01 2014 01: +0,41.666,37,Well-Worn,Covert
Jul 02 2014 01: +0,32.227,41,Well-Worn,Covert
Jul 03 2014 01: +0,34.053,33,Well-Worn,Covert
Jul 04 2014 01: +0,36.721,27,Well-Worn,Covert
Jul 05 2014 01: +0,35.106,37,Well-Worn,Covert
Jul 06 2014 01: +0,34.968,47,Well-Worn,Covert
Jul 07 2014 01: +0,36.617,42,Well-Worn,Covert
Jul 08 2014 01: +0,39.153,33,Well-Worn,Covert
Jul 09 2014 01: +0,37.541,34,Well-Worn,Covert
Jul 10 2014 01: +0,39.529,40,Well-Worn,Covert
Jul 11 2014 01: +0,38.557,35,Well-Worn,Covert
Jul 12 2014 01: +0,37.696,35,Well-Worn,Covert
Jul 13 2014 01: +0,35.328,37,Well-Worn,Covert
Jul 14 2014 01: +0,36.661,48,Well-Worn,Covert
Jul 15 2014 01: +0,36.865,56,Well-Worn,Covert
Jul 16 2014 01: +0,38.325,53,Well-Worn,Covert
Jul 17 2014 01: +0,37.43,41,Well-Worn,Covert
Jul 18 2014 01: +0,38.642,43,Well-Worn,Covert
Jul 19 2014 01: +0,38.092,45,Well-Worn,Covert
Jul 20 2014 01: +0,38.99,26,Well-Worn,Covert
Jul 21 2014 01: +0,38.818,35,Well-Worn,Covert
Jul 22 2014 01: +0,38.138,31,Well-Worn,Covert
Jul 23 2014 01: +0,39.466,32,Well-Worn,Covert
Jul 24 2014 01: +0,38.321,50,Well-Worn,Covert
Jul 25 2014 01: +0,39.984,43,Well-Worn,Covert
Jul 26 2014 01: +0,40.562,45,Well-Worn,Covert
Jul 27 2014 01: +0,40.899,36,Well-Worn,Covert
Jul 28 2014 01: +0,42.097,45,Well-Worn,Covert
Jul 29 2014 01: +0,41.354,33,Well-Worn,Covert
Jul 30 2014 01: +0,40.868,41,Well-Worn,Covert
Jul 31 2014 01: +0,39.357,52,Well-Worn,Covert
Aug 01 2014 01: +0,42.354,54,Well-Worn,Covert
Aug 02 2014 01: +0,44.73,52,Well-Worn,Covert
Aug 03 2014 01: +0,43.53,51,Well-Worn,Covert
Aug 04 2014 01: +0,43.056,51,Well-Worn,Covert
Aug 05 2014 01: +0,42.509,43,Well-Worn,Covert
Aug 06 2014 01: +0,45.257,34,Well-Worn,Covert
Aug 07 2014 01: +0,43.192,54,Well-Worn,Covert
Aug 08 2014 01: +0,47.055,51,Well-Worn,Covert
Aug 09 2014 01: +0,43.394,35,Well-Worn,Covert
Aug 10 2014 01: +0,43.083,53,Well-Worn,Covert
Aug 11 2014 01: +0,42.673,58,Well-Worn,Covert
Aug 12 2014 01: +0,44.207,44,Well-Worn,Covert
Aug 13 2014 01: +0,45.468,39,Well-Worn,Covert
Aug 14 2014 01: +0,48.029,48,Well-Worn,Covert
Aug 15 2014 01: +0,46.386,58,Well-Worn,Covert
Aug 16 2014 01: +0,48.465,54,Well-Worn,Covert
Aug 17 2014 01: +0,44.749,54,Well-Worn,Covert
Aug 18 2014 01: +0,44.184,38,Well-Worn,Covert
Aug 19 2014 01: +0,43.786,42,Well-Worn,Covert
Aug 20 2014 01: +0,44.265,43,Well-Worn,Covert
Aug 21 2014 01: +0,43.451,45,Well-Worn,Covert
Aug 22 2014 01: +0,44.449,58,Well-Worn,Covert
Aug 23 2014 01: +0,43.347,62,Well-Worn,Covert
Aug 24 2014 01: +0,43.043,66,Well-Worn,Covert
Aug 25 2014 01: +0,45.081,60,Well-Worn,Covert
Aug 26 2014 01: +0,46.354,51,Well-Worn,Covert
Aug 27 2014 01: +0,46.9,60,Well-Worn,Covert
Aug 28 2014 01: +0,47.393,54,Well-Worn,Covert
Aug 29 2014 01: +0,45.109,56,Well-Worn,Covert
Aug 30 2014 01: +0,48.641,51,Well-Worn,Covert
Aug 31 2014 01: +0,48.199,54,Well-Worn,Covert
Sep 01 2014 01: +0,49.795,67,Well-Worn,Covert
Sep 02 2014 01: +0,50.745,41,Well-Worn,Covert
Sep 03 2014 01: +0,51.895,49,Well-Worn,Covert
Sep 04 2014 01: +0,48.618,39,Well-Worn,Covert
Sep 05 2014 01: +0,45.965,46,Well-Worn,Covert
Sep 06 2014 01: +0,46.934,45,Well-Worn,Covert
Sep 07 2014 01: +0,46.293,53,Well-Worn,Covert
Sep 08 2014 01: +0,48.582,52,Well-Worn,Covert
Sep 09 2014 01: +0,50.091,45,Well-Worn,Covert
Sep 10 2014 01: +0,48.171,68,Well-Worn,Covert
Sep 11 2014 01: +0,49.634,53,Well-Worn,Covert
Sep 12 2014 01: +0,48.401,66,Well-Worn,Covert
Sep 13 2014 01: +0,49.14,56,Well-Worn,Covert
Sep 14 2014 01: +0,47.512,57,Well-Worn,Covert
Sep 15 2014 01: +0,45.819,46,Well-Worn,Covert
Sep 16 2014 01: +0,47.443,51,Well-Worn,Covert
Sep 17 2014 01: +0,45.998,70,Well-Worn,Covert
Sep 18 2014 01: +0,50.469,46,Well-Worn,Covert
Sep 19 2014 01: +0,50.965,61,Well-Worn,Covert
Sep 20 2014 01: +0,47.615,50,Well-Worn,Covert
Sep 21 2014 01: +0,45.809,46,Well-Worn,Covert
Sep 22 2014 01: +0,47.138,52,Well-Worn,Covert
Sep 23 2014 01: +0,47.179,42,Well-Worn,Covert
Sep 24 2014 01: +0,43.325,57,Well-Worn,Covert
Sep 25 2014 01: +0,47.348,45,Well-Worn,Covert
Sep 26 2014 01: +0,45.907,62,Well-Worn,Covert
Sep 27 2014 01: +0,43.918,69,Well-Worn,Covert
Sep 28 2014 01: +0,43.471,46,Well-Worn,Covert
Sep 29 2014 01: +0,43.873,53,Well-Worn,Covert
Sep 30 2014 01: +0,46.569,46,Well-Worn,Covert
Oct 01 2014 01: +0,43.791,45,Well-Worn,Covert
Oct 02 2014 01: +0,44.37,49,Well-Worn,Covert
Oct 03 2014 01: +0,44.495,61,Well-Worn,Covert
Oct 04 2014 01: +0,41.617,78,Well-Worn,Covert
Oct 05 2014 01: +0,42.281,76,Well-Worn,Covert
Oct 06 2014 01: +0,45.913,40,Well-Worn,Covert
Oct 07 2014 01: +0,42.986,58,Well-Worn,Covert
Oct 08 2014 01: +0,43.381,59,Well-Worn,Covert
Oct 09 2014 01: +0,43.55,61,Well-Worn,Covert
Oct 10 2014 01: +0,40.91,70,Well-Worn,Covert
Oct 11 2014 01: +0,41.446,74,Well-Worn,Covert
Oct 12 2014 01: +0,41.416,63,Well-Worn,Covert
Oct 13 2014 01: +0,41.473,71,Well-Worn,Covert
Oct 14 2014 01: +0,42.872,57,Well-Worn,Covert
Oct 15 2014 01: +0,43.416,47,Well-Worn,Covert
Oct 16 2014 01: +0,42.599,55,Well-Worn,Covert
Oct 17 2014 01: +0,39.884,69,Well-Worn,Covert
Oct 18 2014 01: +0,39.739,69,Well-Worn,Covert
Oct 19 2014 01: +0,39.854,63,Well-Worn,Covert
Oct 20 2014 01: +0,40.119,50,Well-Worn,Covert
Oct 21 2014 01: +0,39.337,56,Well-Worn,Covert
Oct 22 2014 01: +0,40.724,59,Well-Worn,Covert
Oct 23 2014 01: +0,39.551,70,Well-Worn,Covert
Oct 24 2014 01: +0,41.316,83,Well-Worn,Covert
Oct 25 2014 01: +0,42.71,64,Well-Worn,Covert
Oct 26 2014 01: +0,38.937,104,Well-Worn,Covert
Oct 27 2014 01: +0,37.003,76,Well-Worn,Covert
Oct 28 2014 01: +0,39.986,61,Well-Worn,Covert
Oct 29 2014 01: +0,36.673,56,Well-Worn,Covert
Oct 30 2014 01: +0,40.182,64,Well-Worn,Covert
Oct 31 2014 01: +0,37.172,101,Well-Worn,Covert
Nov 01 2014 01: +0,38.79,92,Well-Worn,Covert
Nov 02 2014 01: +0,36.829,113,Well-Worn,Covert
Nov 03 2014 01: +0,36.872,58,Well-Worn,Covert
Nov 04 2014 01: +0,36.947,51,Well-Worn,Covert
Nov 05 2014 01: +0,35.361,66,Well-Worn,Covert
Nov 06 2014 01: +0,36.634,60,Well-Worn,Covert
Nov 07 2014 01: +0,35.085,78,Well-Worn,Covert
Nov 08 2014 01: +0,35.262,73,Well-Worn,Covert
Nov 09 2014 01: +0,34.686,74,Well-Worn,Covert
Nov 10 2014 01: +0,34.427,67,Well-Worn,Covert
Nov 11 2014 01: +0,34.023,72,Well-Worn,Covert
Nov 12 2014 01: +0,30.302,108,Well-Worn,Covert
Nov 13 2014 01: +0,31.16,87,Well-Worn,Covert
Nov 14 2014 01: +0,32.073,76,Well-Worn,Covert
Nov 15 2014 01: +0,30.133,76,Well-Worn,Covert
Nov 16 2014 01: +0,30.638,86,Well-Worn,Covert
Nov 17 2014 01: +0,28.449,83,Well-Worn,Covert
Nov 18 2014 01: +0,29.654,68,Well-Worn,Covert
Nov 19 2014 01: +0,27.549,66,Well-Worn,Covert
Nov 20 2014 01: +0,27.487,70,Well-Worn,Covert
Nov 21 2014 01: +0,26.592,95,Well-Worn,Covert
Nov 22 2014 01: +0,27.776,114,Well-Worn,Covert
Nov 23 2014 01: +0,28.978,84,Well-Worn,Covert
Nov 24 2014 01: +0,28.259,73,Well-Worn,Covert
Nov 25 2014 01: +0,29.295,64,Well-Worn,Covert
Nov 26 2014 01: +0,30.949,78,Well-Worn,Covert
Nov 27 2014 01: +0,32.252,108,Well-Worn,Covert
Nov 28 2014 01: +0,32.229,109,Well-Worn,Covert
Nov 29 2014 01: +0,44.639,11,Well-Worn,Covert
Nov 30 2014 01: +0,26.723,147,Well-Worn,Covert
Dec 01 2014 01: +0,27.313,98,Well-Worn,Covert
Dec 02 2014 01: +0,29.397,94,Well-Worn,Covert
Dec 03 2014 01: +0,31.684,62,Well-Worn,Covert
Dec 04 2014 01: +0,31.916,68,Well-Worn,Covert
Dec 05 2014 01: +0,33.918,79,Well-Worn,Covert
Dec 06 2014 01: +0,34.601,96,Well-Worn,Covert
Dec 07 2014 01: +0,33.277,91,Well-Worn,Covert
Dec 08 2014 01: +0,31.697,91,Well-Worn,Covert
Dec 09 2014 01: +0,33.051,80,Well-Worn,Covert
Dec 10 2014 01: +0,31.175,84,Well-Worn,Covert
Dec 11 2014 01: +0,33.189,86,Well-Worn,Covert
Dec 12 2014 01: +0,34.702,78,Well-Worn,Covert
Dec 13 2014 01: +0,34.506,91,Well-Worn,Covert
Dec 14 2014 01: +0,33.472,88,Well-Worn,Covert
Dec 15 2014 01: +0,34.296,79,Well-Worn,Covert
Dec 16 2014 01: +0,31.343,79,Well-Worn,Covert
Dec 17 2014 01: +0,33.047,96,Well-Worn,Covert
Dec 18 2014 01: +0,32.843,76,Well-Worn,Covert
Dec 19 2014 01: +0,33.817,87,Well-Worn,Covert
Dec 20 2014 01: +0,33.104,95,Well-Worn,Covert
Dec 21 2014 01: +0,31.873,91,Well-Worn,Covert
Dec 22 2014 01: +0,32.895,77,Well-Worn,Covert
Dec 23 2014 01: +0,33.36,93,Well-Worn,Covert
Dec 24 2014 01: +0,33.463,121,Well-Worn,Covert
Dec 25 2014 01: +0,37.39,130,Well-Worn,Covert
Dec 26 2014 01: +0,36.546,123,Well-Worn,Covert
Dec 27 2014 01: +0,37.109,140,Well-Worn,Covert
Dec 28 2014 01: +0,37.991,88,Well-Worn,Covert
Dec 29 2014 01: +0,35.658,130,Well-Worn,Covert
Dec 30 2014 01: +0,36.074,124,Well-Worn,Covert
Dec 31 2014 01: +0,36.396,105,Well-Worn,Covert
Jan 01 2015 01: +0,34.349,96,Well-Worn,Covert
Jan 02 2015 01: +0,35.797,111,Well-Worn,Covert
Jan 03 2015 01: +0,35.454,119,Well-Worn,Covert
Jan 04 2015 01: +0,35.297,115,Well-Worn,Covert
Jan 05 2015 01: +0,34.659,121,Well-Worn,Covert
Jan 06 2015 01: +0,34.837,105,Well-Worn,Covert
Jan 07 2015 01: +0,35.975,85,Well-Worn,Covert
Jan 08 2015 01: +0,36.164,100,Well-Worn,Covert
Jan 09 2015 01: +0,31.867,122,Well-Worn,Covert
Jan 10 2015 01: +0,32.572,128,Well-Worn,Covert
Jan 11 2015 01: +0,31.868,138,Well-Worn,Covert
Jan 12 2015 01: +0,32.445,123,Well-Worn,Covert
Jan 13 2015 01: +0,32.59,132,Well-Worn,Covert
Jan 14 2015 01: +0,33.014,130,Well-Worn,Covert
Jan 15 2015 01: +0,33.526,105,Well-Worn,Covert
Jan 16 2015 01: +0,31.345,161,Well-Worn,Covert
Jan 17 2015 01: +0,31.665,124,Well-Worn,Covert
Jan 18 2015 01: +0,31.375,129,Well-Worn,Covert
Jan 19 2015 01: +0,29.935,118,Well-Worn,Covert
Jan 20 2015 01: +0,31.961,123,Well-Worn,Covert
Jan 21 2015 01: +0,31.362,101,Well-Worn,Covert
Jan 22 2015 01: +0,30.696,123,Well-Worn,Covert
Jan 23 2015 01: +0,32.185,134,Well-Worn,Covert
Jan 24 2015 01: +0,31.904,149,Well-Worn,Covert
Jan 25 2015 01: +0,30.722,138,Well-Worn,Covert
Jan 26 2015 01: +0,29.991,127,Well-Worn,Covert
Jan 27 2015 01: +0,29.1,129,Well-Worn,Covert
Jan 28 2015 01: +0,29.471,125,Well-Worn,Covert
Jan 29 2015 01: +0,28.945,135,Well-Worn,Covert
Jan 30 2015 01: +0,30.801,168,Well-Worn,Covert
Jan 31 2015 01: +0,30.859,160,Well-Worn,Covert
Feb 01 2015 01: +0,29.854,146,Well-Worn,Covert
Feb 02 2015 01: +0,29.95,144,Well-Worn,Covert
Feb 03 2015 01: +0,31.464,118,Well-Worn,Covert
Feb 04 2015 01: +0,31.539,131,Well-Worn,Covert
Feb 05 2015 01: +0,30.534,134,Well-Worn,Covert
Feb 06 2015 01: +0,30.482,141,Well-Worn,Covert
Feb 07 2015 01: +0,31.84,148,Well-Worn,Covert
Feb 08 2015 01: +0,29.274,174,Well-Worn,Covert
Feb 09 2015 01: +0,30.403,121,Well-Worn,Covert
Feb 10 2015 01: +0,30.631,125,Well-Worn,Covert
Feb 11 2015 01: +0,30.444,108,Well-Worn,Covert
Feb 12 2015 01: +0,29.752,142,Well-Worn,Covert
Feb 13 2015 01: +0,30.445,138,Well-Worn,Covert
Feb 14 2015 01: +0,31.443,149,Well-Worn,Covert
Feb 15 2015 01: +0,30.594,159,Well-Worn,Covert
Feb 16 2015 01: +0,29.782,148,Well-Worn,Covert
Feb 17 2015 01: +0,29.831,124,Well-Worn,Covert
Feb 18 2015 01: +0,30.866,134,Well-Worn,Covert
Feb 19 2015 01: +0,30.178,132,Well-Worn,Covert
Feb 20 2015 01: +0,30.337,154,Well-Worn,Covert
Feb 21 2015 01: +0,30.656,121,Well-Worn,Covert
Feb 22 2015 01: +0,29.642,128,Well-Worn,Covert
Feb 23 2015 01: +0,29.539,133,Well-Worn,Covert
Feb 24 2015 01: +0,30.014,106,Well-Worn,Covert
Feb 25 2015 01: +0,31.179,132,Well-Worn,Covert
Feb 26 2015 01: +0,31.755,114,Well-Worn,Covert
Feb 27 2015 01: +0,30.879,146,Well-Worn,Covert
Feb 28 2015 01: +0,31.172,138,Well-Worn,Covert
Mar 01 2015 01: +0,31.086,125,Well-Worn,Covert
Mar 02 2015 01: +0,31.334,106,Well-Worn,Covert
Mar 03 2015 01: +0,30.718,100,Well-Worn,Covert
Mar 04 2015 01: +0,30.922,102,Well-Worn,Covert
Mar 05 2015 01: +0,30.948,123,Well-Worn,Covert
Mar 06 2015 01: +0,30.568,129,Well-Worn,Covert
Mar 07 2015 01: +0,30.673,143,Well-Worn,Covert
Mar 08 2015 01: +0,30.727,144,Well-Worn,Covert
Mar 09 2015 01: +0,29.861,107,Well-Worn,Covert
Mar 10 2015 01: +0,29.108,109,Well-Worn,Covert
Mar 11 2015 01: +0,29.021,119,Well-Worn,Covert
Mar 12 2015 01: +0,29.715,115,Well-Worn,Covert
Mar 13 2015 01: +0,29.865,146,Well-Worn,Covert
Mar 14 2015 01: +0,29.934,172,Well-Worn,Covert
Mar 15 2015 01: +0,28.302,166,Well-Worn,Covert
Mar 16 2015 01: +0,28.433,136,Well-Worn,Covert
Mar 17 2015 01: +0,29.565,109,Well-Worn,Covert
Mar 18 2015 01: +0,29.997,93,Well-Worn,Covert
Mar 19 2015 01: +0,30.036,104,Well-Worn,Covert
Mar 20 2015 01: +0,29.786,127,Well-Worn,Covert
Mar 21 2015 01: +0,30.155,151,Well-Worn,Covert
Mar 22 2015 01: +0,29.818,114,Well-Worn,Covert
Mar 23 2015 01: +0,30.445,113,Well-Worn,Covert
Mar 24 2015 01: +0,30.183,122,Well-Worn,Covert
Mar 25 2015 01: +0,30.439,121,Well-Worn,Covert
Mar 26 2015 01: +0,30.492,120,Well-Worn,Covert
Mar 27 2015 01: +0,30.616,139,Well-Worn,Covert
Mar 28 2015 01: +0,30.064,163,Well-Worn,Covert
Mar 29 2015 01: +0,29.122,143,Well-Worn,Covert
Mar 30 2015 01: +0,28.51,141,Well-Worn,Covert
Mar 31 2015 01: +0,29.266,145,Well-Worn,Covert
Apr 01 2015 01: +0,28.859,166,Well-Worn,Covert
Apr 02 2015 01: +0,30.193,149,Well-Worn,Covert
Apr 03 2015 01: +0,30.402,160,Well-Worn,Covert
Apr 04 2015 01: +0,29.413,170,Well-Worn,Covert
Apr 05 2015 01: +0,30.464,146,Well-Worn,Covert
Apr 06 2015 01: +0,30.682,146,Well-Worn,Covert
Apr 07 2015 01: +0,31.753,137,Well-Worn,Covert
Apr 08 2015 01: +0,30.895,169,Well-Worn,Covert
Apr 09 2015 01: +0,31.463,115,Well-Worn,Covert
Apr 10 2015 01: +0,30.688,143,Well-Worn,Covert
Apr 11 2015 01: +0,29.488,181,Well-Worn,Covert
Apr 12 2015 01: +0,29.49,175,Well-Worn,Covert
Apr 13 2015 01: +0,28.889,131,Well-Worn,Covert
Apr 14 2015 01: +0,27.017,122,Well-Worn,Covert
Apr 15 2015 01: +0,26.553,153,Well-Worn,Covert
Apr 16 2015 01: +0,22.617,262,Well-Worn,Covert
Apr 17 2015 01: +0,23.751,218,Well-Worn,Covert
Apr 18 2015 01: +0,24.071,219,Well-Worn,Covert
Apr 19 2015 01: +0,23.732,149,Well-Worn,Covert
Apr 20 2015 01: +0,23.222,207,Well-Worn,Covert
Apr 21 2015 01: +0,23.33,179,Well-Worn,Covert
Apr 22 2015 01: +0,23.431,175,Well-Worn,Covert
Apr 23 2015 01: +0,23.599,160,Well-Worn,Covert
Apr 24 2015 01: +0,24.574,185,Well-Worn,Covert
Apr 25 2015 01: +0,24.138,198,Well-Worn,Covert
Apr 26 2015 01: +0,24.483,177,Well-Worn,Covert
Apr 27 2015 01: +0,24.115,151,Well-Worn,Covert
Apr 28 2015 01: +0,24.751,178,Well-Worn,Covert
Apr 29 2015 01: +0,24.825,150,Well-Worn,Covert
Apr 30 2015 01: +0,26.293,168,Well-Worn,Covert
May 01 2015 01: +0,23.619,243,Well-Worn,Covert
May 02 2015 01: +0,25.184,214,Well-Worn,Covert
May 03 2015 01: +0,24.599,165,Well-Worn,Covert
May 04 2015 01: +0,24.028,200,Well-Worn,Covert
May 05 2015 01: +0,24.363,181,Well-Worn,Covert
May 06 2015 01: +0,25.117,169,Well-Worn,Covert
May 07 2015 01: +0,25.937,154,Well-Worn,Covert
May 08 2015 01: +0,25.594,183,Well-Worn,Covert
May 09 2015 01: +0,26.082,178,Well-Worn,Covert
May 10 2015 01: +0,24.453,188,Well-Worn,Covert
May 11 2015 01: +0,24.736,193,Well-Worn,Covert
May 12 2015 01: +0,26.03,141,Well-Worn,Covert
May 13 2015 01: +0,25.848,148,Well-Worn,Covert
May 14 2015 01: +0,25.968,160,Well-Worn,Covert
May 15 2015 01: +0,25.885,162,Well-Worn,Covert
May 16 2015 01: +0,26.098,185,Well-Worn,Covert
May 17 2015 01: +0,26.062,189,Well-Worn,Covert
May 18 2015 01: +0,26.115,175,Well-Worn,Covert
May 19 2015 01: +0,26.57,137,Well-Worn,Covert
May 20 2015 01: +0,26.062,150,Well-Worn,Covert
May 21 2015 01: +0,26.132,140,Well-Worn,Covert
May 22 2015 01: +0,26.458,167,Well-Worn,Covert
