Steam_scrapper/Database_of_items_price/AK-47 _ Vulcan Well-Worn.csv
Date,Price,Quantity Sold,exterior,rarity
May 23 2015 01: +0,26.372,173,Well-Worn,Covert
May 24 2015 01: +0,25.575,162,Well-Worn,Covert
May 25 2015 01: +0,25.551,151,Well-Worn,Covert
May 26 2015 01: +0,26.088,153,Well-Worn,Covert
May 27 2015 01: +0,21.028,297,Well-Worn,Covert
May 28 2015 01: +0,22.679,209,Well-Worn,Covert
May 29 2015 01: +0,24.306,180,Well-Worn,Covert
May 30 2015 01: +0,24.791,199,Well-Worn,Covert
May 31 2015 01: +0,24.627,197,Well-Worn,Covert
Jun 01 2015 01: +0,24.882,226,Well-Worn,Covert
Jun 02 2015 01: +0,25.723,175,Well-Worn,Covert
Jun 03 2015 01: +0,25.383,158,Well-Worn,Covert
Jun 04 2015 01: +0,24.683,169,Well-Worn,Covert
Jun 05 2015 01: +0,23.157,219,Well-Worn,Covert
Jun 06 2015 01: +0,24.149,150,Well-Worn,Covert
Jun 07 2015 01: +0,23.474,184,Well-Worn,Covert
Jun 08 2015 01: +0,23.114,198,Well-Worn,Covert
Jun 09 2015 01: +0,23.788,190,Well-Worn,Covert
Jun 10 2015 01: +0,23.685,200,Well-Worn,Covert
Jun 11 2015 01: +0,23.111,198,Well-Worn,Covert
Jun 12 2015 01: +0,22.526,206,Well-Worn,Covert
Jun 13 2015 01: +0,22.359,201,Well-Worn,Covert
Jun 14 2015 01: +0,21.9,192,Well-Worn,Covert
Jun 15 2015 01: +0,22.037,192,Well-Worn,Covert
Jun 16 2015 01: +0,21.637,193,Well-Worn,Covert
Jun 17 2015 01: +0,22.008,202,Well-Worn,Covert
Jun 18 2015 01: +0,22.0,171,Well-Worn,Covert
Jun 19 2015 01: +0,22.503,199,Well-Worn,Covert
Jun 20 2015 01: +0,21.64,196,Well-Worn,Covert
Jun 21 2015 01: +0,20.733,200,Well-Worn,Covert
Jun 22 2015 01: +0,20.786,212,Well-Worn,Covert
Jun 23 2015 01: +0,22.273,187,Well-Worn,Covert
Jun 24 2015 01: +0,23.263,185,Well-Worn,Covert
Jun 25 2015 01: +0,23.725,154,Well-Worn,Covert
Jun 26 2015 01: +0,23.908,180,Well-Worn,Covert
Jun 27 2015 01: +0,23.852,174,Well-Worn,Covert
Jun 28 2015 01: +0,23.601,183,Well-Worn,Covert
Jun 29 2015 01: +0,23.185,205,Well-Worn,Covert
Jun 30 2015 01: +0,24.068,165,Well-Worn,Covert
Jul 01 2015 01: +0,24.723,177,Well-Worn,Covert
Jul 02 2015 01: +0,24.177,154,Well-Worn,Covert
Jul 03 2015 01: +0,23.759,210,Well-Worn,Covert
Jul 04 2015 01: +0,24.844,149,Well-Worn,Covert
Jul 05 2015 01: +0,23.995,170,Well-Worn,Covert
Jul 06 2015 01: +0,24.371,176,Well-Worn,Covert
Jul 07 2015 01: +0,24.99,160,Well-Worn,Covert
Jul 08 2015 01: +0,24.049,158,Well-Worn,Covert
Jul 09 2015 01: +0,24.628,155,Well-Worn,Covert
Jul 10 2015 01: +0,25.067,162,Well-Worn,Covert
Jul 11 2015 01: +0,25.572,138,Well-Worn,Covert
Jul 12 2015 01: +0,24.64,169,Well-Worn,Covert
Jul 13 2015 01: +0,23.954,161,Well-Worn,Covert
Jul 14 2015 01: +0,24.103,143,Well-Worn,Covert
Jul 15 2015 01: +0,24.132,155,Well-Worn,Covert
Jul 16 2015 01: +0,24.892,140,Well-Worn,Covert
Jul 17 2015 01: +0,24.126,165,Well-Worn,Covert
Jul 18 2015 01: +0,24.067,165,Well-Worn,Covert
Jul 19 2015 01: +0,24.372,145,Well-Worn,Covert
Jul 20 2015 01: +0,24.343,167,Well-Worn,Covert
Jul 21 2015 01: +0,24.747,133,Well-Worn,Covert
Jul 22 2015 01: +0,24.227,136,Well-Worn,Covert
Jul 23 2015 01: +0,23.914,145,Well-Worn,Covert
Jul 24 2015 01: +0,24.521,148,Well-Worn,Covert
Jul 25 2015 01: +0,24.75,146,Well-Worn,Covert
Jul 26 2015 01: +0,23.852,155,Well-Worn,Covert
Jul 27 2015 01: +0,23.58,156,Well-Worn,Covert
Jul 28 2015 01: +0,24.095,168,Well-Worn,Covert
Jul 29 2015 01: +0,24.143,146,Well-Worn,Covert
Jul 30 2015 01: +0,23.953,157,Well-Worn,Covert
Jul 31 2015 01: +0,23.95,149,Well-Worn,Covert
Aug 01 2015 01: +0,23.779,156,Well-Worn,Covert
Aug 02 2015 01: +0,23.702,148,Well-Worn,Covert
Aug 03 2015 01: +0,24.708,155,Well-Worn,Covert
Aug 04 2015 01: +0,24.277,131,Well-Worn,Covert
Aug 05 2015 01: +0,24.258,142,Well-Worn,Covert
Aug 06 2015 01: +0,24.512,147,Well-Worn,Covert
Aug 07 2015 01: +0,23.897,146,Well-Worn,Covert
Aug 08 2015 01: +0,23.602,162,Well-Worn,Covert
Aug 09 2015 01: +0,24.118,132,Well-Worn,Covert
Aug 10 2015 01: +0,24.003,150,Well-Worn,Covert
Aug 11 2015 01: +0,23.719,147,Well-Worn,Covert
Aug 12 2015 01: +0,24.535,135,Well-Worn,Covert
Aug 13 2015 01: +0,24.253,123,Well-Worn,Covert
Aug 14 2015 01: +0,23.476,152,Well-Worn,Covert
Aug 15 2015 01: +0,21.928,182,Well-Worn,Covert
Aug 16 2015 01: +0,21.635,134,Well-Worn,Covert
Aug 17 2015 01: +0,22.306,154,Well-Worn,Covert
Aug 18 2015 01: +0,22.099,141,Well-Worn,Covert
Aug 19 2015 01: +0,22.26,124,Well-Worn,Covert
Aug 20 2015 01: +0,22.941,159,Well-Worn,Covert
Aug 21 2015 01: +0,23.871,189,Well-Worn,Covert
Aug 22 2015 01: +0,24.685,154,Well-Worn,Covert
Aug 23 2015 01: +0,22.443,187,Well-Worn,Covert
Aug 24 2015 01: +0,22.943,221,Well-Worn,Covert
Aug 25 2015 01: +0,24.439,152,Well-Worn,Covert
Aug 26 2015 01: +0,25.488,173,Well-Worn,Covert
Aug 27 2015 01: +0,25.259,150,Well-Worn,Covert
Aug 28 2015 01: +0,26.576,137,Well-Worn,Covert
Aug 29 2015 01: +0,26.18,143,Well-Worn,Covert
Aug 30 2015 01: +0,25.361,164,Well-Worn,Covert
Aug 31 2015 01: +0,26.427,152,Well-Worn,Covert
Sep 01 2015 01: +0,27.398,114,Well-Worn,Covert
Sep 02 2015 01: +0,26.325,138,Well-Worn,Covert
Sep 03 2015 01: +0,26.412,131,Well-Worn,Covert
Sep 04 2015 01: +0,26.812,119,Well-Worn,Covert
Sep 05 2015 01: +0,26.898,136,Well-Worn,Covert
Sep 06 2015 01: +0,25.51,139,Well-Worn,Covert
Sep 07 2015 01: +0,26.099,118,Well-Worn,Covert
Sep 08 2015 01: +0,26.203,117,Well-Worn,Covert
Sep 09 2015 01: +0,25.292,96,Well-Worn,Covert
Sep 10 2015 01: +0,27.047,112,Well-Worn,Covert
Sep 11 2015 01: +0,26.867,143,Well-Worn,Covert
Sep 12 2015 01: +0,27.357,124,Well-Worn,Covert
Sep 13 2015 01: +0,26.22,174,Well-Worn,Covert
Sep 14 2015 01: +0,26.465,124,Well-Worn,Covert
Sep 15 2015 01: +0,27.431,101,Well-Worn,Covert
Sep 16 2015 01: +0,27.135,110,Well-Worn,Covert
Sep 17 2015 01: +0,27.056,135,Well-Worn,Covert
Sep 18 2015 01: +0,25.747,180,Well-Worn,Covert
Sep 19 2015 01: +0,24.562,185,Well-Worn,Covert
Sep 20 2015 01: +0,24.194,169,Well-Worn,Covert
Sep 21 2015 01: +0,23.994,139,Well-Worn,Covert
Sep 22 2015 01: +0,24.359,125,Well-Worn,Covert
Sep 23 2015 01: +0,23.861,136,Well-Worn,Covert
Sep 24 2015 01: +0,24.301,111,Well-Worn,Covert
Sep 25 2015 01: +0,24.206,155,Well-Worn,Covert
Sep 26 2015 01: +0,24.664,161,Well-Worn,Covert
Sep 27 2015 01: +0,23.874,134,Well-Worn,Covert
Sep 28 2015 01: +0,22.841,133,Well-Worn,Covert
Sep 29 2015 01: +0,23.573,127,Well-Worn,Covert
Sep 30 2015 01: +0,23.433,113,Well-Worn,Covert
Oct 01 2015 01: +0,24.33,111,Well-Worn,Covert
Oct 02 2015 01: +0,25.005,137,Well-Worn,Covert
Oct 03 2015 01: +0,24.847,128,Well-Worn,Covert
Oct 04 2015 01: +0,23.794,123,Well-Worn,Covert
Oct 05 2015 01: +0,23.799,106,Well-Worn,Covert
Oct 06 2015 01: +0,25.004,90,Well-Worn,Covert
Oct 07 2015 01: +0,24.711,97,Well-Worn,Covert
Oct 08 2015 01: +0,23.5,114,Well-Worn,Covert
Oct 09 2015 01: +0,24.177,133,Well-Worn,Covert
Oct 10 2015 01: +0,24.123,134,Well-Worn,Covert
Oct 11 2015 01: +0,23.505,126,Well-Worn,Covert
Oct 12 2015 01: +0,22.961,115,Well-Worn,Covert
Oct 13 2015 01: +0,23.609,103,Well-Worn,Covert
Oct 14 2015 01: +0,22.992,106,Well-Worn,Covert
Oct 15 2015 01: +0,22.684,118,Well-Worn,Covert
Oct 16 2015 01: +0,23.018,122,Well-Worn,Covert
Oct 17 2015 01: +0,23.008,143,Well-Worn,Covert
Oct 18 2015 01: +0,22.858,128,Well-Worn,Covert
Oct 19 2015 01: +0,22.024,84,Well-Worn,Covert
Oct 20 2015 01: +0,22.314,114,Well-Worn,Covert
Oct 21 2015 01: +0,21.757,103,Well-Worn,Covert
Oct 22 2015 01: +0,21.542,95,Well-Worn,Covert
Oct 23 2015 01: +0,20.79,117,Well-Worn,Covert
Oct 24 2015 01: +0,21.117,147,Well-Worn,Covert
Oct 25 2015 01: +0,20.637,117,Well-Worn,Covert
Oct 26 2015 01: +0,21.544,107,Well-Worn,Covert
Oct 27 2015 01: +0,20.633,108,Well-Worn,Covert
Oct 28 2015 01: +0,21.09,131,Well-Worn,Covert
Oct 29 2015 01: +0,21.792,111,Well-Worn,Covert
Oct 30 2015 01: +0,21.592,167,Well-Worn,Covert
Oct 31 2015 01: +0,21.93,143,Well-Worn,Covert
Nov 01 2015 01: +0,20.818,161,Well-Worn,Covert
Nov 02 2015 01: +0,20.791,128,Well-Worn,Covert
Nov 03 2015 01: +0,21.936,115,Well-Worn,Covert
Nov 04 2015 01: +0,22.357,108,Well-Worn,Covert
Nov 05 2015 01: +0,21.689,122,Well-Worn,Covert
Nov 06 2015 01: +0,22.362,130,Well-Worn,Covert
Nov 07 2015 01: +0,21.378,149,Well-Worn,Covert
Nov 08 2015 01: +0,20.795,114,Well-Worn,Covert
Nov 09 2015 01: +0,21.376,97,Well-Worn,Covert
Nov 10 2015 01: +0,20.236,84,Well-Worn,Covert
Nov 11 2015 01: +0,19.901,116,Well-Worn,Covert
Nov 12 2015 01: +0,19.794,107,Well-Worn,Covert
Nov 13 2015 01: +0,20.327,127,Well-Worn,Covert
Nov 14 2015 01: +0,20.476,161,Well-Worn,Covert
Nov 15 2015 01: +0,20.318,108,Well-Worn,Covert
Nov 16 2015 01: +0,20.616,100,Well-Worn,Covert
Nov 17 2015 01: +0,21.285,100,Well-Worn,Covert
Nov 18 2015 01: +0,20.286,98,Well-Worn,Covert
Nov 19 2015 01: +0,20.812,93,Well-Worn,Covert
Nov 20 2015 01: +0,20.402,122,Well-Worn,Covert
Nov 21 2015 01: +0,21.423,121,Well-Worn,Covert
Nov 22 2015 01: +0,21.187,123,Well-Worn,Covert
Nov 23 2015 01: +0,21.294,85,Well-Worn,Covert
Nov 24 2015 01: +0,21.771,95,Well-Worn,Covert
Nov 25 2015 01: +0,20.749,108,Well-Worn,Covert
Nov 26 2015 01: +0,20.064,143,Well-Worn,Covert
Nov 27 2015 01: +0,19.834,135,Well-Worn,Covert
Nov 28 2015 01: +0,19.619,151,Well-Worn,Covert
Nov 29 2015 01: +0,18.306,135,Well-Worn,Covert
Nov 30 2015 01: +0,18.449,123,Well-Worn,Covert
Dec 01 2015 01: +0,18.843,118,Well-Worn,Covert
Dec 02 2015 01: +0,19.786,116,Well-Worn,Covert
Dec 03 2015 01: +0,21.227,119,Well-Worn,Covert
Dec 04 2015 01: +0,21.504,119,Well-Worn,Covert
Dec 05 2015 01: +0,21.409,153,Well-Worn,Covert
Dec 06 2015 01: +0,21.768,142,Well-Worn,Covert
Dec 07 2015 01: +0,21.475,108,Well-Worn,Covert
Dec 08 2015 01: +0,22.289,105,Well-Worn,Covert
Dec 09 2015 01: +0,20.959,118,Well-Worn,Covert
Dec 10 2015 01: +0,20.535,118,Well-Worn,Covert
Dec 11 2015 01: +0,21.492,114,Well-Worn,Covert
Dec 12 2015 01: +0,22.131,131,Well-Worn,Covert
Dec 13 2015 01: +0,21.145,120,Well-Worn,Covert
Dec 14 2015 01: +0,21.058,117,Well-Worn,Covert
Dec 15 2015 01: +0,20.644,102,Well-Worn,Covert
Dec 16 2015 01: +0,20.479,113,Well-Worn,Covert
Dec 17 2015 01: +0,20.063,96,Well-Worn,Covert
Dec 18 2015 01: +0,20.283,112,Well-Worn,Covert
Dec 19 2015 01: +0,19.71,123,Well-Worn,Covert
Dec 20 2015 01: +0,19.705,126,Well-Worn,Covert
Dec 21 2015 01: +0,19.462,102,Well-Worn,Covert
Dec 22 2015 01: +0,18.366,137,Well-Worn,Covert
Dec 23 2015 01: +0,17.034,178,Well-Worn,Covert
Dec 24 2015 01: +0,18.065,186,Well-Worn,Covert
Dec 25 2015 01: +0,20.678,237,Well-Worn,Covert
Dec 26 2015 01: +0,21.186,209,Well-Worn,Covert
Dec 27 2015 01: +0,21.101,168,Well-Worn,Covert
Dec 28 2015 01: +0,19.889,188,Well-Worn,Covert
Dec 29 2015 01: +0,19.458,183,Well-Worn,Covert
Dec 30 2015 01: +0,18.884,214,Well-Worn,Covert
Dec 31 2015 01: +0,19.493,151,Well-Worn,Covert
Jan 01 2016 01: +0,18.489,149,Well-Worn,Covert
Jan 02 2016 01: +0,18.478,176,Well-Worn,Covert
Jan 03 2016 01: +0,17.359,184,Well-Worn,Covert
Jan 04 2016 01: +0,16.895,160,Well-Worn,Covert
Jan 05 2016 01: +0,18.735,121,Well-Worn,Covert
Jan 06 2016 01: +0,18.804,134,Well-Worn,Covert
Jan 07 2016 01: +0,19.124,114,Well-Worn,Covert
Jan 08 2016 01: +0,19.362,132,Well-Worn,Covert
Jan 09 2016 01: +0,19.689,166,Well-Worn,Covert
Jan 10 2016 01: +0,19.57,126,Well-Worn,Covert
Jan 11 2016 01: +0,19.576,94,Well-Worn,Covert
Jan 12 2016 01: +0,19.879,98,Well-Worn,Covert
Jan 13 2016 01: +0,19.814,105,Well-Worn,Covert
Jan 14 2016 01: +0,19.097,113,Well-Worn,Covert
Jan 15 2016 01: +0,19.114,136,Well-Worn,Covert
Jan 16 2016 01: +0,19.536,140,Well-Worn,Covert
Jan 17 2016 01: +0,19.165,122,Well-Worn,Covert
Jan 18 2016 01: +0,18.961,117,Well-Worn,Covert
Jan 19 2016 01: +0,18.804,98,Well-Worn,Covert
Jan 20 2016 01: +0,18.443,124,Well-Worn,Covert
Jan 21 2016 01: +0,18.393,108,Well-Worn,Covert
Jan 22 2016 01: +0,18.536,147,Well-Worn,Covert
Jan 23 2016 01: +0,17.769,168,Well-Worn,Covert
Jan 24 2016 01: +0,17.289,154,Well-Worn,Covert
Jan 25 2016 01: +0,17.6,112,Well-Worn,Covert
Jan 26 2016 01: +0,17.25,131,Well-Worn,Covert
Jan 27 2016 01: +0,17.624,123,Well-Worn,Covert
Jan 28 2016 01: +0,17.058,151,Well-Worn,Covert
Jan 29 2016 01: +0,17.26,151,Well-Worn,Covert
Jan 30 2016 01: +0,17.317,160,Well-Worn,Covert
Jan 31 2016 01: +0,17.437,127,Well-Worn,Covert
Feb 01 2016 01: +0,17.221,136,Well-Worn,Covert
Feb 02 2016 01: +0,17.811,97,Well-Worn,Covert
Feb 03 2016 01: +0,17.675,124,Well-Worn,Covert
Feb 04 2016 01: +0,17.485,117,Well-Worn,Covert
Feb 05 2016 01: +0,18.197,153,Well-Worn,Covert
Feb 06 2016 01: +0,16.873,161,Well-Worn,Covert
Feb 07 2016 01: +0,16.161,147,Well-Worn,Covert
Feb 08 2016 01: +0,17.134,102,Well-Worn,Covert
Feb 09 2016 01: +0,16.224,131,Well-Worn,Covert
Feb 10 2016 01: +0,16.76,143,Well-Worn,Covert
Feb 11 2016 01: +0,16.516,141,Well-Worn,Covert
Feb 12 2016 01: +0,17.053,137,Well-Worn,Covert
Feb 13 2016 01: +0,17.351,161,Well-Worn,Covert
Feb 14 2016 01: +0,17.809,161,Well-Worn,Covert
Feb 15 2016 01: +0,18.648,127,Well-Worn,Covert
Feb 16 2016 01: +0,18.732,95,Well-Worn,Covert
Feb 17 2016 01: +0,18.25,102,Well-Worn,Covert
Feb 18 2016 01: +0,15.896,207,Well-Worn,Covert
Feb 19 2016 01: +0,16.943,174,Well-Worn,Covert
Feb 20 2016 01: +0,17.054,177,Well-Worn,Covert
Feb 21 2016 01: +0,16.934,154,Well-Worn,Covert
Feb 22 2016 01: +0,17.195,130,Well-Worn,Covert
Feb 23 2016 01: +0,17.397,130,Well-Worn,Covert
Feb 24 2016 01: +0,17.588,134,Well-Worn,Covert
Feb 25 2016 01: +0,18.218,126,Well-Worn,Covert
Feb 26 2016 01: +0,17.756,134,Well-Worn,Covert
Feb 27 2016 01: +0,17.861,166,Well-Worn,Covert
Feb 28 2016 01: +0,18.119,117,Well-Worn,Covert
Feb 29 2016 01: +0,18.181,152,Well-Worn,Covert
Mar 01 2016 01: +0,18.153,114,Well-Worn,Covert
Mar 02 2016 01: +0,18.567,126,Well-Worn,Covert
Mar 03 2016 01: +0,18.184,116,Well-Worn,Covert
Mar 04 2016 01: +0,18.055,133,Well-Worn,Covert
Mar 05 2016 01: +0,17.932,198,Well-Worn,Covert
Mar 06 2016 01: +0,17.582,159,Well-Worn,Covert
Mar 07 2016 01: +0,17.543,140,Well-Worn,Covert
Mar 08 2016 01: +0,17.092,144,Well-Worn,Covert
Mar 09 2016 01: +0,16.622,148,Well-Worn,Covert
Mar 10 2016 01: +0,17.708,107,Well-Worn,Covert
Mar 11 2016 01: +0,17.765,131,Well-Worn,Covert
Mar 12 2016 01: +0,18.943,132,Well-Worn,Covert
Mar 13 2016 01: +0,18.843,128,Well-Worn,Covert
Mar 14 2016 01: +0,18.961,94,Well-Worn,Covert
Mar 15 2016 01: +0,19.511,84,Well-Worn,Covert
Mar 16 2016 01: +0,19.715,91,Well-Worn,Covert
Mar 17 2016 01: +0,19.136,88,Well-Worn,Covert
Mar 18 2016 01: +0,19.272,111,Well-Worn,Covert
Mar 19 2016 01: +0,19.085,122,Well-Worn,Covert
Mar 20 2016 01: +0,19.097,88,Well-Worn,Covert
Mar 21 2016 01: +0,18.588,113,Well-Worn,Covert
Mar 22 2016 01: +0,19.217,79,Well-Worn,Covert
Mar 23 2016 01: +0,19.159,92,Well-Worn,Covert
Mar 24 2016 01: +0,19.352,88,Well-Worn,Covert
Mar 25 2016 01: +0,18.728,105,Well-Worn,Covert
Mar 26 2016 01: +0,19.002,107,Well-Worn,Covert
Mar 27 2016 01: +0,18.743,130,Well-Worn,Covert
Mar 28 2016 01: +0,18.114,130,Well-Worn,Covert
Mar 29 2016 01: +0,19.013,131,Well-Worn,Covert
Mar 30 2016 01: +0,20.791,128,Well-Worn,Covert
Mar 31 2016 01: +0,21.476,103,Well-Worn,Covert
Apr 01 2016 01: +0,21.87,134,Well-Worn,Covert
Apr 02 2016 01: +0,22.366,124,Well-Worn,Covert
Apr 03 2016 01: +0,20.641,127,Well-Worn,Covert
Apr 04 2016 01: +0,21.32,105,Well-Worn,Covert
Apr 05 2016 01: +0,22.184,91,Well-Worn,Covert
Apr 06 2016 01: +0,22.648,88,Well-Worn,Covert
Apr 07 2016 01: +0,22.075,91,Well-Worn,Covert
Apr 08 2016 01: +0,22.687,110,Well-Worn,Covert
Apr 09 2016 01: +0,23.243,128,Well-Worn,Covert
Apr 10 2016 01: +0,22.754,113,Well-Worn,Covert
Apr 11 2016 01: +0,22.304,85,Well-Worn,Covert
Apr 12 2016 01: +0,23.013,73,Well-Worn,Covert
Apr 13 2016 01: +0,22.673,98,Well-Worn,Covert
Apr 14 2016 01: +0,22.663,92,Well-Worn,Covert
Apr 15 2016 01: +0,23.115,89,Well-Worn,Covert
Apr 16 2016 01: +0,22.539,108,Well-Worn,Covert
Apr 17 2016 01: +0,22.12,104,Well-Worn,Covert
Apr 18 2016 01: +0,22.619,81,Well-Worn,Covert
Apr 19 2016 01: +0,22.155,79,Well-Worn,Covert
Apr 20 2016 01: +0,22.292,79,Well-Worn,Covert
Apr 21 2016 01: +0,22.091,83,Well-Worn,Covert
Apr 22 2016 01: +0,22.36,95,Well-Worn,Covert
Apr 23 2016 01: +0,22.907,93,Well-Worn,Covert
Apr 24 2016 01: +0,22.139,92,Well-Worn,Covert
Apr 25 2016 01: +0,22.035,75,Well-Worn,Covert
Apr 26 2016 01: +0,22.52,102,Well-Worn,Covert
Apr 27 2016 01: +0,22.724,68,Well-Worn,Covert
Apr 28 2016 01: +0,22.439,82,Well-Worn,Covert
Apr 29 2016 01: +0,22.897,109,Well-Worn,Covert
Apr 30 2016 01: +0,23.031,107,Well-Worn,Covert
May 01 2016 01: +0,22.946,88,Well-Worn,Covert
May 02 2016 01: +0,22.265,99,Well-Worn,Covert
May 03 2016 01: +0,23.145,87,Well-Worn,Covert
May 04 2016 01: +0,22.674,95,Well-Worn,Covert
May 05 2016 01: +0,23.834,66,Well-Worn,Covert
May 06 2016 01: +0,23.183,93,Well-Worn,Covert
May 07 2016 01: +0,23.103,107,Well-Worn,Covert
May 08 2016 01: +0,22.581,79,Well-Worn,Covert
May 09 2016 01: +0,22.549,70,Well-Worn,Covert
May 10 2016 01: +0,22.365,82,Well-Worn,Covert
May 11 2016 01: +0,22.965,63,Well-Worn,Covert
May 12 2016 01: +0,22.375,81,Well-Worn,Covert
May 13 2016 01: +0,22.39,96,Well-Worn,Covert
May 14 2016 01: +0,22.482,93,Well-Worn,Covert
May 15 2016 01: +0,21.53,97,Well-Worn,Covert
May 16 2016 01: +0,20.502,93,Well-Worn,Covert
May 17 2016 01: +0,20.68,90,Well-Worn,Covert
May 18 2016 01: +0,20.361,85,Well-Worn,Covert
May 19 2016 01: +0,20.445,68,Well-Worn,Covert
May 20 2016 01: +0,20.181,84,Well-Worn,Covert
May 21 2016 01: +0,20.066,94,Well-Worn,Covert
May 22 2016 01: +0,20.264,74,Well-Worn,Covert
May 23 2016 01: +0,19.73,86,Well-Worn,Covert
May 24 2016 01: +0,19.24,70,Well-Worn,Covert
May 25 2016 01: +0,18.756,100,Well-Worn,Covert
May 26 2016 01: +0,19.277,66,Well-Worn,Covert
May 27 2016 01: +0,18.89,115,Well-Worn,Covert
May 28 2016 01: +0,19.184,106,Well-Worn,Covert
May 29 2016 01: +0,19.584,86,Well-Worn,Covert
May 30 2016 01: +0,19.492,89,Well-Worn,Covert
May 31 2016 01: +0,20.038,93,Well-Worn,Covert
Jun 01 2016 01: +0,20.815,106,Well-Worn,Covert
Jun 02 2016 01: +0,19.886,78,Well-Worn,Covert
Jun 03 2016 01: +0,19.731,104,Well-Worn,Covert
Jun 04 2016 01: +0,19.581,89,Well-Worn,Covert
Jun 05 2016 01: +0,19.223,78,Well-Worn,Covert
Jun 06 2016 01: +0,19.143,86,Well-Worn,Covert
Jun 07 2016 01: +0,18.835,63,Well-Worn,Covert
Jun 08 2016 01: +0,19.056,87,Well-Worn,Covert
