Steam_scrapper/Database_of_items_price/AK-47 _ Vulcan Well-Worn.csv
Date,Price,Quantity Sold,exterior,rarity
Jun 09 2016 01: +0,18.851,69,Well-Worn,Covert
Jun 10 2016 01: +0,19.415,97,Well-Worn,Covert
Jun 11 2016 01: +0,19.256,88,Well-Worn,Covert
Jun 12 2016 01: +0,18.831,68,Well-Worn,Covert
Jun 13 2016 01: +0,18.418,95,Well-Worn,Covert
Jun 14 2016 01: +0,18.501,79,Well-Worn,Covert
Jun 15 2016 01: +0,18.843,77,Well-Worn,Covert
Jun 16 2016 01: +0,18.25,104,Well-Worn,Covert
Jun 17 2016 01: +0,18.194,103,Well-Worn,Covert
Jun 18 2016 01: +0,18.535,84,Well-Worn,Covert
Jun 19 2016 01: +0,17.877,87,Well-Worn,Covert
Jun 20 2016 01: +0,18.08,99,Well-Worn,Covert
Jun 21 2016 01: +0,17.911,82,Well-Worn,Covert
Jun 22 2016 01: +0,17.506,74,Well-Worn,Covert
Jun 23 2016 01: +0,15.722,92,Well-Worn,Covert
Jun 24 2016 01: +0,14.862,119,Well-Worn,Covert
Jun 25 2016 01: +0,14.618,128,Well-Worn,Covert
Jun 26 2016 01: +0,14.988,95,Well-Worn,Covert
Jun 27 2016 01: +0,15.418,120,Well-Worn,Covert
Jun 28 2016 01: +0,15.379,106,Well-Worn,Covert
Jun 29 2016 01: +0,15.343,88,Well-Worn,Covert
Jun 30 2016 01: +0,15.01,106,Well-Worn,Covert
Jul 01 2016 01: +0,15.335,111,Well-Worn,Covert
Jul 02 2016 01: +0,15.075,91,Well-Worn,Covert
Jul 03 2016 01: +0,14.405,100,Well-Worn,Covert
Jul 04 2016 01: +0,14.889,126,Well-Worn,Covert
Jul 05 2016 01: +0,16.895,95,Well-Worn,Covert
Jul 06 2016 01: +0,18.257,113,Well-Worn,Covert
Jul 07 2016 01: +0,17.909,106,Well-Worn,Covert
Jul 08 2016 01: +0,18.812,103,Well-Worn,Covert
Jul 09 2016 01: +0,18.531,98,Well-Worn,Covert
Jul 10 2016 01: +0,17.694,102,Well-Worn,Covert
Jul 11 2016 01: +0,17.859,101,Well-Worn,Covert
Jul 12 2016 01: +0,18.516,67,Well-Worn,Covert
Jul 13 2016 01: +0,18.923,61,Well-Worn,Covert
Jul 14 2016 01: +0,17.956,96,Well-Worn,Covert
Jul 15 2016 01: +0,17.708,89,Well-Worn,Covert
Jul 16 2016 01: +0,17.804,92,Well-Worn,Covert
Jul 17 2016 01: +0,17.438,75,Well-Worn,Covert
Jul 18 2016 01: +0,17.467,77,Well-Worn,Covert
Jul 19 2016 01: +0,17.686,76,Well-Worn,Covert
Jul 20 2016 01: +0,17.945,78,Well-Worn,Covert
Jul 21 2016 01: +0,17.52,59,Well-Worn,Covert
Jul 22 2016 01: +0,17.525,87,Well-Worn,Covert
Jul 23 2016 01: +0,16.908,80,Well-Worn,Covert
Jul 24 2016 01: +0,16.532,68,Well-Worn,Covert
Jul 25 2016 01: +0,16.775,90,Well-Worn,Covert
Jul 26 2016 01: +0,17.08,78,Well-Worn,Covert
Jul 27 2016 01: +0,16.8,78,Well-Worn,Covert
Jul 28 2016 01: +0,16.935,77,Well-Worn,Covert
Jul 29 2016 01: +0,16.836,88,Well-Worn,Covert
Jul 30 2016 01: +0,17.036,79,Well-Worn,Covert
Jul 31 2016 01: +0,17.16,81,Well-Worn,Covert
Aug 01 2016 01: +0,16.605,83,Well-Worn,Covert
Aug 02 2016 01: +0,16.033,96,Well-Worn,Covert
Aug 03 2016 01: +0,16.271,70,Well-Worn,Covert
Aug 04 2016 01: +0,15.696,82,Well-Worn,Covert
Aug 05 2016 01: +0,15.402,77,Well-Worn,Covert
Aug 06 2016 01: +0,16.05,85,Well-Worn,Covert
Aug 07 2016 01: +0,15.834,69,Well-Worn,Covert
Aug 08 2016 01: +0,15.142,76,Well-Worn,Covert
Aug 09 2016 01: +0,15.278,87,Well-Worn,Covert
Aug 10 2016 01: +0,15.1,87,Well-Worn,Covert
Aug 11 2016 01: +0,15.169,72,Well-Worn,Covert
Aug 12 2016 01: +0,14.855,94,Well-Worn,Covert
Aug 13 2016 01: +0,14.655,87,Well-Worn,Covert
Aug 14 2016 01: +0,15.2,79,Well-Worn,Covert
Aug 15 2016 01: +0,15.919,88,Well-Worn,Covert
Aug 16 2016 01: +0,15.805,86,Well-Worn,Covert
Aug 17 2016 01: +0,15.642,81,Well-Worn,Covert
Aug 18 2016 01: +0,15.853,77,Well-Worn,Covert
Aug 19 2016 01: +0,14.679,106,Well-Worn,Covert
Aug 20 2016 01: +0,15.225,106,Well-Worn,Covert
Aug 21 2016 01: +0,15.055,76,Well-Worn,Covert
Aug 22 2016 01: +0,14.932,109,Well-Worn,Covert
Aug 23 2016 01: +0,15.131,99,Well-Worn,Covert
Aug 24 2016 01: +0,15.537,96,Well-Worn,Covert
Aug 25 2016 01: +0,15.441,92,Well-Worn,Covert
Aug 26 2016 01: +0,15.56,93,Well-Worn,Covert
Aug 27 2016 01: +0,15.679,101,Well-Worn,Covert
Aug 28 2016 01: +0,15.819,103,Well-Worn,Covert
Aug 29 2016 01: +0,15.634,108,Well-Worn,Covert
Aug 30 2016 01: +0,16.282,95,Well-Worn,Covert
Aug 31 2016 01: +0,16.521,87,Well-Worn,Covert
Sep 01 2016 01: +0,16.466,84,Well-Worn,Covert
Sep 02 2016 01: +0,16.642,80,Well-Worn,Covert
Sep 03 2016 01: +0,16.149,96,Well-Worn,Covert
Sep 04 2016 01: +0,15.695,86,Well-Worn,Covert
Sep 05 2016 01: +0,15.846,93,Well-Worn,Covert
Sep 06 2016 01: +0,16.487,81,Well-Worn,Covert
Sep 07 2016 01: +0,16.136,70,Well-Worn,Covert
Sep 08 2016 01: +0,15.953,70,Well-Worn,Covert
Sep 09 2016 01: +0,15.795,75,Well-Worn,Covert
Sep 10 2016 01: +0,16.055,91,Well-Worn,Covert
Sep 11 2016 01: +0,15.781,103,Well-Worn,Covert
Sep 12 2016 01: +0,16.418,95,Well-Worn,Covert
Sep 13 2016 01: +0,16.625,61,Well-Worn,Covert
Sep 14 2016 01: +0,16.663,72,Well-Worn,Covert
Sep 15 2016 01: +0,17.241,80,Well-Worn,Covert
Sep 16 2016 01: +0,16.853,86,Well-Worn,Covert
Sep 17 2016 01: +0,16.455,88,Well-Worn,Covert
Sep 18 2016 01: +0,15.96,93,Well-Worn,Covert
Sep 19 2016 01: +0,16.515,84,Well-Worn,Covert
Sep 20 2016 01: +0,16.595,68,Well-Worn,Covert
Sep 21 2016 01: +0,16.154,64,Well-Worn,Covert
Sep 22 2016 01: +0,16.229,72,Well-Worn,Covert
Sep 23 2016 01: +0,16.791,75,Well-Worn,Covert
Sep 24 2016 01: +0,16.521,97,Well-Worn,Covert
Sep 25 2016 01: +0,16.48,68,Well-Worn,Covert
Sep 26 2016 01: +0,16.317,71,Well-Worn,Covert
Sep 27 2016 01: +0,16.555,71,Well-Worn,Covert
Sep 28 2016 01: +0,16.269,71,Well-Worn,Covert
Sep 29 2016 01: +0,16.407,57,Well-Worn,Covert
Sep 30 2016 01: +0,16.255,88,Well-Worn,Covert
Oct 01 2016 01: +0,16.253,81,Well-Worn,Covert
Oct 02 2016 01: +0,16.057,88,Well-Worn,Covert
Oct 03 2016 01: +0,15.966,61,Well-Worn,Covert
Oct 04 2016 01: +0,15.72,81,Well-Worn,Covert
Oct 05 2016 01: +0,16.23,63,Well-Worn,Covert
Oct 06 2016 01: +0,16.176,63,Well-Worn,Covert
Oct 07 2016 01: +0,15.682,77,Well-Worn,Covert
Oct 08 2016 01: +0,15.914,85,Well-Worn,Covert
Oct 09 2016 01: +0,15.924,71,Well-Worn,Covert
Oct 10 2016 01: +0,15.668,64,Well-Worn,Covert
Oct 11 2016 01: +0,16.198,65,Well-Worn,Covert
Oct 12 2016 01: +0,16.27,56,Well-Worn,Covert
Oct 13 2016 01: +0,15.846,58,Well-Worn,Covert
Oct 14 2016 01: +0,16.109,81,Well-Worn,Covert
Oct 15 2016 01: +0,16.588,89,Well-Worn,Covert
Oct 16 2016 01: +0,16.407,80,Well-Worn,Covert
Oct 17 2016 01: +0,16.033,67,Well-Worn,Covert
Oct 18 2016 01: +0,15.596,64,Well-Worn,Covert
Oct 19 2016 01: +0,16.389,63,Well-Worn,Covert
Oct 20 2016 01: +0,16.403,57,Well-Worn,Covert
Oct 21 2016 01: +0,15.799,66,Well-Worn,Covert
Oct 22 2016 01: +0,16.111,82,Well-Worn,Covert
Oct 23 2016 01: +0,15.962,68,Well-Worn,Covert
Oct 24 2016 01: +0,15.74,53,Well-Worn,Covert
Oct 25 2016 01: +0,15.383,54,Well-Worn,Covert
Oct 26 2016 01: +0,15.181,42,Well-Worn,Covert
Oct 27 2016 01: +0,14.305,59,Well-Worn,Covert
Oct 28 2016 01: +0,14.915,71,Well-Worn,Covert
Oct 29 2016 01: +0,13.451,90,Well-Worn,Covert
Oct 30 2016 01: +0,14.016,81,Well-Worn,Covert
Oct 31 2016 01: +0,13.932,76,Well-Worn,Covert
Nov 01 2016 01: +0,14.342,71,Well-Worn,Covert
Nov 02 2016 01: +0,14.817,77,Well-Worn,Covert
Nov 03 2016 01: +0,15.8,49,Well-Worn,Covert
Nov 04 2016 01: +0,16.313,73,Well-Worn,Covert
Nov 05 2016 01: +0,16.108,77,Well-Worn,Covert
Nov 06 2016 01: +0,16.177,69,Well-Worn,Covert
Nov 07 2016 01: +0,16.557,58,Well-Worn,Covert
Nov 08 2016 01: +0,16.352,54,Well-Worn,Covert
Nov 09 2016 01: +0,16.211,53,Well-Worn,Covert
Nov 10 2016 01: +0,15.832,72,Well-Worn,Covert
Nov 11 2016 01: +0,15.804,83,Well-Worn,Covert
Nov 12 2016 01: +0,16.627,68,Well-Worn,Covert
Nov 13 2016 01: +0,16.421,64,Well-Worn,Covert
Nov 14 2016 01: +0,16.587,44,Well-Worn,Covert
Nov 15 2016 01: +0,16.501,55,Well-Worn,Covert
Nov 16 2016 01: +0,16.316,47,Well-Worn,Covert
Nov 17 2016 01: +0,16.118,57,Well-Worn,Covert
Nov 18 2016 01: +0,16.426,66,Well-Worn,Covert
Nov 19 2016 01: +0,16.449,71,Well-Worn,Covert
Nov 20 2016 01: +0,15.881,61,Well-Worn,Covert
Nov 21 2016 01: +0,15.381,65,Well-Worn,Covert
Nov 22 2016 01: +0,15.912,43,Well-Worn,Covert
Nov 23 2016 01: +0,15.394,43,Well-Worn,Covert
Nov 24 2016 01: +0,14.099,64,Well-Worn,Covert
Nov 25 2016 01: +0,14.081,75,Well-Worn,Covert
Nov 26 2016 01: +0,13.897,91,Well-Worn,Covert
Nov 27 2016 01: +0,14.016,80,Well-Worn,Covert
Nov 28 2016 01: +0,13.966,69,Well-Worn,Covert
Nov 29 2016 01: +0,14.121,74,Well-Worn,Covert
Nov 30 2016 01: +0,14.544,77,Well-Worn,Covert
Dec 01 2016 01: +0,15.509,73,Well-Worn,Covert
Dec 02 2016 01: +0,15.942,83,Well-Worn,Covert
Dec 03 2016 01: +0,15.879,88,Well-Worn,Covert
Dec 04 2016 01: +0,15.981,80,Well-Worn,Covert
Dec 05 2016 01: +0,15.906,55,Well-Worn,Covert
Dec 06 2016 01: +0,16.086,71,Well-Worn,Covert
Dec 07 2016 01: +0,16.676,72,Well-Worn,Covert
Dec 08 2016 01: +0,16.659,59,Well-Worn,Covert
Dec 09 2016 01: +0,17.112,73,Well-Worn,Covert
Dec 10 2016 01: +0,16.934,81,Well-Worn,Covert
Dec 11 2016 01: +0,16.408,78,Well-Worn,Covert
Dec 12 2016 01: +0,16.347,51,Well-Worn,Covert
Dec 13 2016 01: +0,16.552,60,Well-Worn,Covert
Dec 14 2016 01: +0,16.211,64,Well-Worn,Covert
Dec 15 2016 01: +0,16.314,44,Well-Worn,Covert
Dec 16 2016 01: +0,20.206,78,Well-Worn,Covert
Dec 17 2016 01: +0,16.271,67,Well-Worn,Covert
Dec 18 2016 01: +0,16.112,51,Well-Worn,Covert
Dec 19 2016 01: +0,15.932,55,Well-Worn,Covert
Dec 20 2016 01: +0,16.146,59,Well-Worn,Covert
Dec 21 2016 01: +0,16.09,49,Well-Worn,Covert
Dec 22 2016 01: +0,15.813,73,Well-Worn,Covert
Dec 23 2016 01: +0,15.777,64,Well-Worn,Covert
Dec 24 2016 01: +0,16.927,92,Well-Worn,Covert
Dec 25 2016 01: +0,18.653,129,Well-Worn,Covert
Dec 26 2016 01: +0,18.543,104,Well-Worn,Covert
Dec 27 2016 01: +0,18.86,95,Well-Worn,Covert
Dec 28 2016 01: +0,18.387,78,Well-Worn,Covert
Dec 29 2016 01: +0,18.956,62,Well-Worn,Covert
Dec 30 2016 01: +0,17.841,87,Well-Worn,Covert
Dec 31 2016 01: +0,17.846,72,Well-Worn,Covert
Jan 01 2017 01: +0,18.381,66,Well-Worn,Covert
Jan 02 2017 01: +0,17.888,77,Well-Worn,Covert
Jan 03 2017 01: +0,18.496,79,Well-Worn,Covert
Jan 04 2017 01: +0,19.748,57,Well-Worn,Covert
Jan 05 2017 01: +0,19.47,59,Well-Worn,Covert
Jan 06 2017 01: +0,19.551,61,Well-Worn,Covert
Jan 07 2017 01: +0,19.267,73,Well-Worn,Covert
Jan 08 2017 01: +0,19.335,65,Well-Worn,Covert
Jan 09 2017 01: +0,19.738,50,Well-Worn,Covert
Jan 10 2017 01: +0,19.471,78,Well-Worn,Covert
Jan 11 2017 01: +0,19.718,55,Well-Worn,Covert
Jan 12 2017 01: +0,20.288,47,Well-Worn,Covert
Jan 13 2017 01: +0,19.521,67,Well-Worn,Covert
Jan 14 2017 01: +0,19.553,65,Well-Worn,Covert
Jan 15 2017 01: +0,19.09,56,Well-Worn,Covert
Jan 16 2017 01: +0,18.926,60,Well-Worn,Covert
Jan 17 2017 01: +0,19.177,55,Well-Worn,Covert
Jan 18 2017 01: +0,19.045,60,Well-Worn,Covert
Jan 19 2017 01: +0,19.25,46,Well-Worn,Covert
Jan 20 2017 01: +0,18.8,62,Well-Worn,Covert
Jan 21 2017 01: +0,19.46,62,Well-Worn,Covert
Jan 22 2017 01: +0,19.43,61,Well-Worn,Covert
Jan 23 2017 01: +0,19.436,66,Well-Worn,Covert
Jan 24 2017 01: +0,19.974,59,Well-Worn,Covert
Jan 25 2017 01: +0,20.398,59,Well-Worn,Covert
Jan 26 2017 01: +0,21.014,49,Well-Worn,Covert
Jan 27 2017 01: +0,20.653,47,Well-Worn,Covert
Jan 28 2017 01: +0,21.074,72,Well-Worn,Covert
Jan 29 2017 01: +0,20.563,55,Well-Worn,Covert
Jan 30 2017 01: +0,20.123,67,Well-Worn,Covert
Jan 31 2017 01: +0,20.645,68,Well-Worn,Covert
Feb 01 2017 01: +0,20.394,66,Well-Worn,Covert
Feb 02 2017 01: +0,20.395,68,Well-Worn,Covert
Feb 03 2017 01: +0,21.465,62,Well-Worn,Covert
Feb 04 2017 01: +0,21.496,68,Well-Worn,Covert
Feb 05 2017 01: +0,20.767,53,Well-Worn,Covert
Feb 06 2017 01: +0,20.576,48,Well-Worn,Covert
Feb 07 2017 01: +0,21.128,61,Well-Worn,Covert
Feb 08 2017 01: +0,21.144,49,Well-Worn,Covert
Feb 09 2017 01: +0,22.025,53,Well-Worn,Covert
Feb 10 2017 01: +0,22.665,57,Well-Worn,Covert
Feb 11 2017 01: +0,21.91,75,Well-Worn,Covert
Feb 12 2017 01: +0,21.274,46,Well-Worn,Covert
Feb 13 2017 01: +0,21.874,52,Well-Worn,Covert
Feb 14 2017 01: +0,21.906,55,Well-Worn,Covert
Feb 15 2017 01: +0,21.193,47,Well-Worn,Covert
Feb 16 2017 01: +0,20.816,48,Well-Worn,Covert
Feb 17 2017 01: +0,21.481,53,Well-Worn,Covert
Feb 18 2017 01: +0,20.894,51,Well-Worn,Covert
Feb 19 2017 01: +0,20.81,48,Well-Worn,Covert
Feb 20 2017 01: +0,20.674,54,Well-Worn,Covert
Feb 21 2017 01: +0,20.431,48,Well-Worn,Covert
Feb 22 2017 01: +0,20.614,50,Well-Worn,Covert
Feb 23 2017 01: +0,20.736,52,Well-Worn,Covert
Feb 24 2017 01: +0,21.08,51,Well-Worn,Covert
Feb 25 2017 01: +0,21.719,64,Well-Worn,Covert
Feb 26 2017 01: +0,21.406,66,Well-Worn,Covert
Feb 27 2017 01: +0,21.173,56,Well-Worn,Covert
Feb 28 2017 01: +0,21.648,53,Well-Worn,Covert
Mar 01 2017 01: +0,21.683,50,Well-Worn,Covert
Mar 02 2017 01: +0,21.411,44,Well-Worn,Covert
Mar 03 2017 01: +0,21.546,68,Well-Worn,Covert
Mar 04 2017 01: +0,21.591,56,Well-Worn,Covert
Mar 05 2017 01: +0,21.068,63,Well-Worn,Covert
Mar 06 2017 01: +0,21.23,53,Well-Worn,Covert
Mar 07 2017 01: +0,21.246,47,Well-Worn,Covert
Mar 08 2017 01: +0,21.18,59,Well-Worn,Covert
Mar 09 2017 01: +0,20.969,50,Well-Worn,Covert
Mar 10 2017 01: +0,22.4,52,Well-Worn,Covert
Mar 11 2017 01: +0,21.894,51,Well-Worn,Covert
Mar 12 2017 01: +0,20.969,44,Well-Worn,Covert
Mar 13 2017 01: +0,21.706,46,Well-Worn,Covert
Mar 14 2017 01: +0,21.85,36,Well-Worn,Covert
Mar 15 2017 01: +0,21.834,30,Well-Worn,Covert
Mar 16 2017 01: +0,21.852,60,Well-Worn,Covert
Mar 17 2017 01: +0,21.386,56,Well-Worn,Covert
Mar 18 2017 01: +0,21.176,57,Well-Worn,Covert
Mar 19 2017 01: +0,21.487,53,Well-Worn,Covert
Mar 20 2017 01: +0,21.307,41,Well-Worn,Covert
Mar 21 2017 01: +0,21.189,51,Well-Worn,Covert
Mar 22 2017 01: +0,20.645,51,Well-Worn,Covert
Mar 23 2017 01: +0,20.956,42,Well-Worn,Covert
Mar 24 2017 01: +0,19.663,61,Well-Worn,Covert
Mar 25 2017 01: +0,20.377,57,Well-Worn,Covert
Mar 26 2017 01: +0,19.381,55,Well-Worn,Covert
Mar 27 2017 01: +0,19.499,56,Well-Worn,Covert
Mar 28 2017 01: +0,19.913,32,Well-Worn,Covert
Mar 29 2017 01: +0,19.083,50,Well-Worn,Covert
Mar 30 2017 01: +0,20.042,46,Well-Worn,Covert
Mar 31 2017 01: +0,20.958,62,Well-Worn,Covert
Apr 01 2017 01: +0,21.093,70,Well-Worn,Covert
Apr 02 2017 01: +0,20.869,48,Well-Worn,Covert
Apr 03 2017 01: +0,20.051,53,Well-Worn,Covert
Apr 04 2017 01: +0,19.926,53,Well-Worn,Covert
Apr 05 2017 01: +0,20.146,51,Well-Worn,Covert
Apr 06 2017 01: +0,20.288,55,Well-Worn,Covert
Apr 07 2017 01: +0,20.672,40,Well-Worn,Covert
Apr 08 2017 01: +0,20.556,58,Well-Worn,Covert
Apr 09 2017 01: +0,20.536,45,Well-Worn,Covert
Apr 10 2017 01: +0,21.076,39,Well-Worn,Covert
Apr 11 2017 01: +0,20.175,53,Well-Worn,Covert
Apr 12 2017 01: +0,20.057,44,Well-Worn,Covert
Apr 13 2017 01: +0,20.359,52,Well-Worn,Covert
Apr 14 2017 01: +0,20.319,65,Well-Worn,Covert
Apr 15 2017 01: +0,20.957,58,Well-Worn,Covert
Apr 16 2017 01: +0,21.344,50,Well-Worn,Covert
Apr 17 2017 01: +0,20.933,47,Well-Worn,Covert
Apr 18 2017 01: +0,21.238,54,Well-Worn,Covert
Apr 19 2017 01: +0,21.728,40,Well-Worn,Covert
Apr 20 2017 01: +0,21.911,37,Well-Worn,Covert
Apr 21 2017 01: +0,21.516,56,Well-Worn,Covert
Apr 22 2017 01: +0,21.009,55,Well-Worn,Covert
Apr 23 2017 01: +0,20.829,58,Well-Worn,Covert
Apr 24 2017 01: +0,22.045,39,Well-Worn,Covert
Apr 25 2017 01: +0,21.477,40,Well-Worn,Covert
Apr 26 2017 01: +0,21.997,35,Well-Worn,Covert
Apr 27 2017 01: +0,24.213,30,Well-Worn,Covert
Apr 28 2017 01: +0,21.469,41,Well-Worn,Covert
Apr 29 2017 01: +0,22.257,52,Well-Worn,Covert
Apr 30 2017 01: +0,21.973,50,Well-Worn,Covert
May 01 2017 01: +0,22.2,38,Well-Worn,Covert
May 02 2017 01: +0,22.079,36,Well-Worn,Covert
May 03 2017 01: +0,22.182,42,Well-Worn,Covert
May 04 2017 01: +0,22.629,24,Well-Worn,Covert
May 05 2017 01: +0,21.497,56,Well-Worn,Covert
May 06 2017 01: +0,21.867,44,Well-Worn,Covert
May 07 2017 01: +0,21.248,45,Well-Worn,Covert
May 08 2017 01: +0,21.999,37,Well-Worn,Covert
May 09 2017 01: +0,21.876,34,Well-Worn,Covert
May 10 2017 01: +0,22.221,35,Well-Worn,Covert
May 11 2017 01: +0,21.431,36,Well-Worn,Covert
May 12 2017 01: +0,22.533,36,Well-Worn,Covert
May 13 2017 01: +0,22.149,46,Well-Worn,Covert
May 14 2017 01: +0,22.005,34,Well-Worn,Covert
May 15 2017 01: +0,21.981,39,Well-Worn,Covert
May 16 2017 01: +0,22.596,49,Well-Worn,Covert
May 17 2017 01: +0,22.916,38,Well-Worn,Covert
May 18 2017 01: +0,22.488,35,Well-Worn,Covert
May 19 2017 01: +0,22.47,42,Well-Worn,Covert
May 20 2017 01: +0,23.275,33,Well-Worn,Covert
May 21 2017 01: +0,22.031,32,Well-Worn,Covert
May 22 2017 01: +0,22.202,45,Well-Worn,Covert
May 23 2017 01: +0,22.156,31,Well-Worn,Covert
May 24 2017 01: +0,19.985,68,Well-Worn,Covert
May 25 2017 01: +0,19.892,40,Well-Worn,Covert
May 26 2017 01: +0,21.094,42,Well-Worn,Covert
May 27 2017 01: +0,22.361,42,Well-Worn,Covert
May 28 2017 01: +0,21.976,39,Well-Worn,Covert
May 29 2017 01: +0,20.926,38,Well-Worn,Covert
May 30 2017 01: +0,22.15,33,Well-Worn,Covert
May 31 2017 01: +0,21.71,29,Well-Worn,Covert
Jun 01 2017 01: +0,21.93,51,Well-Worn,Covert
Jun 02 2017 01: +0,23.256,34,Well-Worn,Covert
Jun 03 2017 01: +0,22.88,43,Well-Worn,Covert
Jun 04 2017 01: +0,22.361,31,Well-Worn,Covert
Jun 05 2017 01: +0,22.596,35,Well-Worn,Covert
Jun 06 2017 01: +0,23.27,36,Well-Worn,Covert
Jun 07 2017 01: +0,22.382,31,Well-Worn,Covert
Jun 08 2017 01: +0,22.441,37,Well-Worn,Covert
Jun 09 2017 01: +0,22.295,29,Well-Worn,Covert
Jun 10 2017 01: +0,21.665,34,Well-Worn,Covert
Jun 11 2017 01: +0,21.98,29,Well-Worn,Covert
Jun 12 2017 01: +0,22.256,33,Well-Worn,Covert
Jun 13 2017 01: +0,21.971,40,Well-Worn,Covert
Jun 14 2017 01: +0,22.458,43,Well-Worn,Covert
Jun 15 2017 01: +0,21.591,27,Well-Worn,Covert
Jun 16 2017 01: +0,22.463,45,Well-Worn,Covert
Jun 17 2017 01: +0,21.55,28,Well-Worn,Covert
Jun 18 2017 01: +0,21.718,29,Well-Worn,Covert
Jun 19 2017 01: +0,21.914,30,Well-Worn,Covert
Jun 20 2017 01: +0,21.424,26,Well-Worn,Covert
Jun 21 2017 01: +0,21.405,36,Well-Worn,Covert
Jun 22 2017 01: +0,19.934,48,Well-Worn,Covert
Jun 23 2017 01: +0,18.704,36,Well-Worn,Covert
Jun 24 2017 01: +0,18.962,41,Well-Worn,Covert
Jun 25 2017 01: +0,19.124,34,Well-Worn,Covert
Jun 26 2017 01: +0,18.352,47,Well-Worn,Covert
Jun 27 2017 01: +0,19.762,45,Well-Worn,Covert
Jun 28 2017 01: +0,20.33,45,Well-Worn,Covert
Jun 29 2017 01: +0,19.77,34,Well-Worn,Covert
Jun 30 2017 01: +0,20.664,36,Well-Worn,Covert
Jul 01 2017 01: +0,21.114,32,Well-Worn,Covert
Jul 02 2017 01: +0,19.803,39,Well-Worn,Covert
