Steam_scrapper/Database_of_items_price/AK-47 _ Vulcan Well-Worn.csv
Date,Price,Quantity Sold,exterior,rarity
Jul 03 2017 01: +0,20.584,44,Well-Worn,Covert
Jul 04 2017 01: +0,20.638,31,Well-Worn,Covert
Jul 05 2017 01: +0,19.815,28,Well-Worn,Covert
Jul 06 2017 01: +0,22.154,38,Well-Worn,Covert
Jul 07 2017 01: +0,22.721,31,Well-Worn,Covert
Jul 08 2017 01: +0,21.682,54,Well-Worn,Covert
Jul 09 2017 01: +0,22.326,35,Well-Worn,Covert
Jul 10 2017 01: +0,22.425,41,Well-Worn,Covert
Jul 11 2017 01: +0,22.611,25,Well-Worn,Covert
Jul 12 2017 01: +0,22.256,35,Well-Worn,Covert
Jul 13 2017 01: +0,21.94,31,Well-Worn,Covert
Jul 14 2017 01: +0,23.023,28,Well-Worn,Covert
Jul 15 2017 01: +0,23.205,41,Well-Worn,Covert
Jul 16 2017 01: +0,23.352,28,Well-Worn,Covert
Jul 17 2017 01: +0,24.841,21,Well-Worn,Covert
Jul 18 2017 01: +0,24.248,47,Well-Worn,Covert
Jul 19 2017 01: +0,25.222,32,Well-Worn,Covert
Jul 20 2017 01: +0,24.035,30,Well-Worn,Covert
Jul 21 2017 01: +0,25.234,41,Well-Worn,Covert
Jul 22 2017 01: +0,25.887,24,Well-Worn,Covert
Jul 23 2017 01: +0,24.09,35,Well-Worn,Covert
Jul 24 2017 01: +0,24.153,38,Well-Worn,Covert
Jul 25 2017 01: +0,25.044,38,Well-Worn,Covert
Jul 26 2017 01: +0,25.084,25,Well-Worn,Covert
Jul 27 2017 01: +0,24.535,35,Well-Worn,Covert
Jul 28 2017 01: +0,24.924,30,Well-Worn,Covert
Jul 29 2017 01: +0,25.354,27,Well-Worn,Covert
Jul 30 2017 01: +0,24.912,24,Well-Worn,Covert
Jul 31 2017 01: +0,24.611,39,Well-Worn,Covert
Aug 01 2017 01: +0,24.568,28,Well-Worn,Covert
Aug 02 2017 01: +0,25.753,36,Well-Worn,Covert
Aug 03 2017 01: +0,25.385,33,Well-Worn,Covert
Aug 04 2017 01: +0,25.126,43,Well-Worn,Covert
Aug 05 2017 01: +0,25.49,37,Well-Worn,Covert
Aug 06 2017 01: +0,25.341,36,Well-Worn,Covert
Aug 07 2017 01: +0,24.324,43,Well-Worn,Covert
Aug 08 2017 01: +0,24.43,52,Well-Worn,Covert
Aug 09 2017 01: +0,24.686,42,Well-Worn,Covert
Aug 10 2017 01: +0,25.131,43,Well-Worn,Covert
Aug 11 2017 01: +0,24.974,50,Well-Worn,Covert
Aug 12 2017 01: +0,25.015,35,Well-Worn,Covert
Aug 13 2017 01: +0,25.134,35,Well-Worn,Covert
Aug 14 2017 01: +0,24.156,27,Well-Worn,Covert
Aug 15 2017 01: +0,24.862,46,Well-Worn,Covert
Aug 16 2017 01: +0,25.44,35,Well-Worn,Covert
Aug 17 2017 01: +0,24.277,34,Well-Worn,Covert
Aug 18 2017 01: +0,24.005,23,Well-Worn,Covert
Aug 19 2017 01: +0,24.392,27,Well-Worn,Covert
Aug 20 2017 01: +0,24.215,27,Well-Worn,Covert
Aug 21 2017 01: +0,24.578,34,Well-Worn,Covert
Aug 22 2017 01: +0,23.298,35,Well-Worn,Covert
Aug 23 2017 01: +0,23.333,34,Well-Worn,Covert
Aug 24 2017 01: +0,23.58,22,Well-Worn,Covert
Aug 25 2017 01: +0,23.579,41,Well-Worn,Covert
Aug 26 2017 01: +0,23.724,34,Well-Worn,Covert
Aug 27 2017 01: +0,23.603,31,Well-Worn,Covert
Aug 28 2017 01: +0,22.982,34,Well-Worn,Covert
Aug 29 2017 01: +0,23.509,27,Well-Worn,Covert
Aug 30 2017 01: +0,23.025,26,Well-Worn,Covert
Aug 31 2017 01: +0,24.202,31,Well-Worn,Covert
Sep 01 2017 01: +0,24.279,39,Well-Worn,Covert
Sep 02 2017 01: +0,25.022,32,Well-Worn,Covert
Sep 03 2017 01: +0,24.401,39,Well-Worn,Covert
Sep 04 2017 01: +0,24.362,43,Well-Worn,Covert
Sep 05 2017 01: +0,24.85,27,Well-Worn,Covert
Sep 06 2017 01: +0,24.443,22,Well-Worn,Covert
Sep 07 2017 01: +0,25.344,35,Well-Worn,Covert
Sep 08 2017 01: +0,25.436,32,Well-Worn,Covert
Sep 09 2017 01: +0,24.903,47,Well-Worn,Covert
Sep 10 2017 01: +0,24.628,34,Well-Worn,Covert
Sep 11 2017 01: +0,24.49,20,Well-Worn,Covert
Sep 12 2017 01: +0,25.086,24,Well-Worn,Covert
Sep 13 2017 01: +0,24.129,31,Well-Worn,Covert
Sep 14 2017 01: +0,24.118,21,Well-Worn,Covert
Sep 15 2017 01: +0,23.847,36,Well-Worn,Covert
Sep 16 2017 01: +0,23.294,40,Well-Worn,Covert
Sep 17 2017 01: +0,23.928,39,Well-Worn,Covert
Sep 18 2017 01: +0,23.221,35,Well-Worn,Covert
Sep 19 2017 01: +0,23.844,28,Well-Worn,Covert
Sep 20 2017 01: +0,24.308,35,Well-Worn,Covert
Sep 21 2017 01: +0,24.581,23,Well-Worn,Covert
Sep 22 2017 01: +0,24.295,29,Well-Worn,Covert
Sep 23 2017 01: +0,23.571,35,Well-Worn,Covert
Sep 24 2017 01: +0,23.207,45,Well-Worn,Covert
Sep 25 2017 01: +0,23.377,28,Well-Worn,Covert
Sep 26 2017 01: +0,23.082,21,Well-Worn,Covert
Sep 27 2017 01: +0,23.317,27,Well-Worn,Covert
Sep 28 2017 01: +0,23.397,28,Well-Worn,Covert
Sep 29 2017 01: +0,23.086,37,Well-Worn,Covert
Sep 30 2017 01: +0,23.06,39,Well-Worn,Covert
Oct 01 2017 01: +0,22.872,41,Well-Worn,Covert
Oct 02 2017 01: +0,22.35,25,Well-Worn,Covert
Oct 03 2017 01: +0,21.558,23,Well-Worn,Covert
Oct 04 2017 01: +0,22.664,31,Well-Worn,Covert
Oct 05 2017 01: +0,22.839,25,Well-Worn,Covert
Oct 06 2017 01: +0,23.508,24,Well-Worn,Covert
Oct 07 2017 01: +0,23.209,33,Well-Worn,Covert
Oct 08 2017 01: +0,22.266,28,Well-Worn,Covert
Oct 09 2017 01: +0,23.107,30,Well-Worn,Covert
Oct 10 2017 01: +0,22.967,29,Well-Worn,Covert
Oct 11 2017 01: +0,22.33,26,Well-Worn,Covert
Oct 12 2017 01: +0,22.725,25,Well-Worn,Covert
Oct 13 2017 01: +0,23.147,33,Well-Worn,Covert
Oct 14 2017 01: +0,23.628,25,Well-Worn,Covert
Oct 15 2017 01: +0,23.921,26,Well-Worn,Covert
Oct 16 2017 01: +0,23.721,25,Well-Worn,Covert
Oct 17 2017 01: +0,23.585,21,Well-Worn,Covert
Oct 18 2017 01: +0,21.538,29,Well-Worn,Covert
Oct 19 2017 01: +0,23.293,32,Well-Worn,Covert
Oct 20 2017 01: +0,22.797,28,Well-Worn,Covert
Oct 21 2017 01: +0,23.576,25,Well-Worn,Covert
Oct 22 2017 01: +0,22.989,25,Well-Worn,Covert
Oct 23 2017 01: +0,22.714,18,Well-Worn,Covert
Oct 24 2017 01: +0,21.528,26,Well-Worn,Covert
Oct 25 2017 01: +0,23.932,25,Well-Worn,Covert
Oct 26 2017 01: +0,22.209,26,Well-Worn,Covert
Oct 27 2017 01: +0,21.157,34,Well-Worn,Covert
Oct 28 2017 01: +0,21.187,35,Well-Worn,Covert
Oct 29 2017 01: +0,21.546,26,Well-Worn,Covert
Oct 30 2017 01: +0,21.727,24,Well-Worn,Covert
Oct 31 2017 01: +0,21.079,24,Well-Worn,Covert
Nov 01 2017 01: +0,22.031,30,Well-Worn,Covert
Nov 02 2017 01: +0,21.657,34,Well-Worn,Covert
Nov 03 2017 01: +0,21.323,25,Well-Worn,Covert
Nov 04 2017 01: +0,21.952,26,Well-Worn,Covert
Nov 05 2017 01: +0,22.364,21,Well-Worn,Covert
Nov 06 2017 01: +0,21.219,21,Well-Worn,Covert
Nov 07 2017 01: +0,21.675,23,Well-Worn,Covert
Nov 08 2017 01: +0,22.398,22,Well-Worn,Covert
Nov 09 2017 01: +0,21.806,14,Well-Worn,Covert
Nov 10 2017 01: +0,21.807,17,Well-Worn,Covert
Nov 11 2017 01: +0,21.237,27,Well-Worn,Covert
Nov 12 2017 01: +0,21.132,20,Well-Worn,Covert
Nov 13 2017 01: +0,20.759,22,Well-Worn,Covert
Nov 14 2017 01: +0,21.655,15,Well-Worn,Covert
Nov 15 2017 01: +0,21.251,26,Well-Worn,Covert
Nov 16 2017 01: +0,20.857,19,Well-Worn,Covert
Nov 17 2017 01: +0,21.108,24,Well-Worn,Covert
Nov 18 2017 01: +0,21.702,21,Well-Worn,Covert
Nov 19 2017 01: +0,20.636,24,Well-Worn,Covert
Nov 20 2017 01: +0,21.384,18,Well-Worn,Covert
Nov 21 2017 01: +0,21.21,25,Well-Worn,Covert
Nov 22 2017 01: +0,21.121,25,Well-Worn,Covert
Nov 23 2017 01: +0,19.259,35,Well-Worn,Covert
Nov 24 2017 01: +0,19.46,26,Well-Worn,Covert
Nov 25 2017 01: +0,20.319,26,Well-Worn,Covert
Nov 26 2017 01: +0,19.482,26,Well-Worn,Covert
Nov 27 2017 01: +0,20.009,17,Well-Worn,Covert
Nov 28 2017 01: +0,19.25,22,Well-Worn,Covert
Nov 29 2017 01: +0,20.58,15,Well-Worn,Covert
Nov 30 2017 01: +0,20.452,18,Well-Worn,Covert
Dec 01 2017 01: +0,21.179,34,Well-Worn,Covert
Dec 02 2017 01: +0,21.636,27,Well-Worn,Covert
Dec 03 2017 01: +0,21.523,26,Well-Worn,Covert
Dec 04 2017 01: +0,21.343,23,Well-Worn,Covert
Dec 05 2017 01: +0,21.074,28,Well-Worn,Covert
Dec 06 2017 01: +0,22.595,27,Well-Worn,Covert
Dec 07 2017 01: +0,22.298,16,Well-Worn,Covert
Dec 08 2017 01: +0,22.048,21,Well-Worn,Covert
Dec 09 2017 01: +0,22.774,33,Well-Worn,Covert
Dec 10 2017 01: +0,22.959,27,Well-Worn,Covert
Dec 11 2017 01: +0,21.37,30,Well-Worn,Covert
Dec 12 2017 01: +0,22.23,20,Well-Worn,Covert
Dec 13 2017 01: +0,22.77,26,Well-Worn,Covert
Dec 14 2017 01: +0,21.804,18,Well-Worn,Covert
Dec 15 2017 01: +0,22.352,25,Well-Worn,Covert
Dec 16 2017 01: +0,21.905,26,Well-Worn,Covert
Dec 17 2017 01: +0,21.752,33,Well-Worn,Covert
Dec 18 2017 01: +0,22.288,24,Well-Worn,Covert
Dec 19 2017 01: +0,22.758,20,Well-Worn,Covert
Dec 20 2017 01: +0,22.129,24,Well-Worn,Covert
Dec 21 2017 01: +0,21.653,29,Well-Worn,Covert
Dec 22 2017 01: +0,21.786,33,Well-Worn,Covert
Dec 23 2017 01: +0,21.499,43,Well-Worn,Covert
Dec 24 2017 01: +0,23.074,57,Well-Worn,Covert
Dec 25 2017 01: +0,24.624,43,Well-Worn,Covert
Dec 26 2017 01: +0,24.992,42,Well-Worn,Covert
Dec 27 2017 01: +0,25.746,29,Well-Worn,Covert
Dec 28 2017 01: +0,25.38,24,Well-Worn,Covert
Dec 29 2017 01: +0,25.299,37,Well-Worn,Covert
Dec 30 2017 01: +0,26.063,26,Well-Worn,Covert
Dec 31 2017 01: +0,25.716,25,Well-Worn,Covert
Jan 01 2018 01: +0,24.827,26,Well-Worn,Covert
Jan 02 2018 01: +0,25.513,28,Well-Worn,Covert
Jan 03 2018 01: +0,24.433,26,Well-Worn,Covert
Jan 04 2018 01: +0,24.397,21,Well-Worn,Covert
Jan 05 2018 01: +0,24.449,28,Well-Worn,Covert
Jan 06 2018 01: +0,25.085,28,Well-Worn,Covert
Jan 07 2018 01: +0,25.849,25,Well-Worn,Covert
Jan 08 2018 01: +0,25.9,25,Well-Worn,Covert
Jan 09 2018 01: +0,26.323,23,Well-Worn,Covert
Jan 10 2018 01: +0,25.918,16,Well-Worn,Covert
Jan 11 2018 01: +0,25.049,21,Well-Worn,Covert
Jan 12 2018 01: +0,26.328,28,Well-Worn,Covert
Jan 13 2018 01: +0,26.889,26,Well-Worn,Covert
Jan 14 2018 01: +0,26.908,26,Well-Worn,Covert
Jan 15 2018 01: +0,26.222,26,Well-Worn,Covert
Jan 16 2018 01: +0,25.719,29,Well-Worn,Covert
Jan 17 2018 01: +0,26.509,22,Well-Worn,Covert
Jan 18 2018 01: +0,25.646,30,Well-Worn,Covert
Jan 19 2018 01: +0,28.778,32,Well-Worn,Covert
Jan 20 2018 01: +0,26.278,27,Well-Worn,Covert
Jan 21 2018 01: +0,26.515,14,Well-Worn,Covert
Jan 22 2018 01: +0,27.551,17,Well-Worn,Covert
Jan 23 2018 01: +0,27.566,25,Well-Worn,Covert
Jan 24 2018 01: +0,27.501,14,Well-Worn,Covert
Jan 25 2018 01: +0,27.613,20,Well-Worn,Covert
Jan 26 2018 01: +0,26.872,19,Well-Worn,Covert
Jan 27 2018 01: +0,26.724,24,Well-Worn,Covert
Jan 28 2018 01: +0,25.381,27,Well-Worn,Covert
Jan 29 2018 01: +0,26.746,24,Well-Worn,Covert
Jan 30 2018 01: +0,26.166,18,Well-Worn,Covert
Jan 31 2018 01: +0,26.221,26,Well-Worn,Covert
Feb 01 2018 01: +0,27.213,24,Well-Worn,Covert
Feb 02 2018 01: +0,25.735,21,Well-Worn,Covert
Feb 03 2018 01: +0,26.421,32,Well-Worn,Covert
Feb 04 2018 01: +0,26.065,20,Well-Worn,Covert
Feb 05 2018 01: +0,26.423,20,Well-Worn,Covert
Feb 06 2018 01: +0,25.904,20,Well-Worn,Covert
Feb 07 2018 01: +0,26.504,19,Well-Worn,Covert
Feb 08 2018 01: +0,26.384,19,Well-Worn,Covert
Feb 09 2018 01: +0,26.338,26,Well-Worn,Covert
Feb 10 2018 01: +0,25.796,26,Well-Worn,Covert
Feb 11 2018 01: +0,26.243,23,Well-Worn,Covert
Feb 12 2018 01: +0,26.473,21,Well-Worn,Covert
Feb 13 2018 01: +0,26.554,17,Well-Worn,Covert
Feb 14 2018 01: +0,26.195,22,Well-Worn,Covert
Feb 15 2018 01: +0,26.944,27,Well-Worn,Covert
Feb 16 2018 01: +0,26.568,16,Well-Worn,Covert
Feb 17 2018 01: +0,26.421,28,Well-Worn,Covert
Feb 18 2018 01: +0,24.865,29,Well-Worn,Covert
Feb 19 2018 01: +0,25.593,30,Well-Worn,Covert
Feb 20 2018 01: +0,26.301,20,Well-Worn,Covert
Feb 21 2018 01: +0,27.232,21,Well-Worn,Covert
Feb 22 2018 01: +0,26.127,12,Well-Worn,Covert
Feb 23 2018 01: +0,27.602,28,Well-Worn,Covert
Feb 24 2018 01: +0,27.301,22,Well-Worn,Covert
Feb 25 2018 01: +0,28.124,12,Well-Worn,Covert
Feb 26 2018 01: +0,27.977,20,Well-Worn,Covert
Feb 27 2018 01: +0,28.114,15,Well-Worn,Covert
Feb 28 2018 01: +0,26.333,20,Well-Worn,Covert
Mar 01 2018 01: +0,26.954,14,Well-Worn,Covert
Mar 02 2018 01: +0,26.124,21,Well-Worn,Covert
Mar 03 2018 01: +0,26.171,22,Well-Worn,Covert
Mar 04 2018 01: +0,27.913,20,Well-Worn,Covert
Mar 05 2018 01: +0,26.237,22,Well-Worn,Covert
Mar 06 2018 01: +0,26.281,21,Well-Worn,Covert
Mar 07 2018 01: +0,27.793,23,Well-Worn,Covert
Mar 08 2018 01: +0,27.163,18,Well-Worn,Covert
Mar 09 2018 01: +0,28.258,21,Well-Worn,Covert
Mar 10 2018 01: +0,28.004,32,Well-Worn,Covert
Mar 11 2018 01: +0,26.463,18,Well-Worn,Covert
Mar 12 2018 01: +0,26.884,24,Well-Worn,Covert
Mar 13 2018 01: +0,26.684,20,Well-Worn,Covert
Mar 14 2018 01: +0,26.531,18,Well-Worn,Covert
Mar 15 2018 01: +0,25.596,14,Well-Worn,Covert
Mar 16 2018 01: +0,23.35,16,Well-Worn,Covert
Mar 17 2018 01: +0,25.766,28,Well-Worn,Covert
Mar 18 2018 01: +0,25.422,12,Well-Worn,Covert
Mar 19 2018 01: +0,25.398,22,Well-Worn,Covert
Mar 20 2018 01: +0,27.334,14,Well-Worn,Covert
Mar 21 2018 01: +0,25.394,17,Well-Worn,Covert
Mar 22 2018 01: +0,26.387,15,Well-Worn,Covert
Mar 23 2018 01: +0,24.387,24,Well-Worn,Covert
Mar 24 2018 01: +0,25.61,17,Well-Worn,Covert
Mar 25 2018 01: +0,24.238,18,Well-Worn,Covert
Mar 26 2018 01: +0,24.838,23,Well-Worn,Covert
Mar 27 2018 01: +0,23.591,27,Well-Worn,Covert
Mar 28 2018 01: +0,23.301,18,Well-Worn,Covert
Mar 29 2018 01: +0,23.846,20,Well-Worn,Covert
Mar 30 2018 01: +0,20.492,36,Well-Worn,Covert
Mar 31 2018 01: +0,21.153,34,Well-Worn,Covert
Apr 01 2018 01: +0,22.112,27,Well-Worn,Covert
Apr 02 2018 01: +0,22.246,21,Well-Worn,Covert
Apr 03 2018 01: +0,23.204,25,Well-Worn,Covert
Apr 04 2018 01: +0,22.929,24,Well-Worn,Covert
Apr 05 2018 01: +0,24.178,21,Well-Worn,Covert
Apr 06 2018 01: +0,22.557,27,Well-Worn,Covert
Apr 07 2018 01: +0,22.374,22,Well-Worn,Covert
Apr 08 2018 01: +0,22.313,21,Well-Worn,Covert
Apr 09 2018 01: +0,22.471,23,Well-Worn,Covert
Apr 10 2018 01: +0,22.689,21,Well-Worn,Covert
Apr 11 2018 01: +0,22.82,17,Well-Worn,Covert
Apr 12 2018 01: +0,21.713,22,Well-Worn,Covert
Apr 13 2018 01: +0,22.386,24,Well-Worn,Covert
Apr 14 2018 01: +0,22.312,36,Well-Worn,Covert
Apr 15 2018 01: +0,21.552,26,Well-Worn,Covert
Apr 16 2018 01: +0,22.272,24,Well-Worn,Covert
Apr 17 2018 01: +0,23.015,21,Well-Worn,Covert
Apr 18 2018 01: +0,22.959,21,Well-Worn,Covert
Apr 19 2018 01: +0,20.544,25,Well-Worn,Covert
Apr 20 2018 01: +0,22.386,18,Well-Worn,Covert
Apr 21 2018 01: +0,22.274,19,Well-Worn,Covert
Apr 22 2018 01: +0,23.444,15,Well-Worn,Covert
Apr 23 2018 01: +0,22.568,24,Well-Worn,Covert
Apr 24 2018 01: +0,22.711,11,Well-Worn,Covert
Apr 25 2018 01: +0,23.033,16,Well-Worn,Covert
Apr 26 2018 01: +0,22.472,20,Well-Worn,Covert
Apr 27 2018 01: +0,22.257,13,Well-Worn,Covert
Apr 28 2018 01: +0,22.584,18,Well-Worn,Covert
Apr 29 2018 01: +0,23.067,19,Well-Worn,Covert
Apr 30 2018 01: +0,23.455,22,Well-Worn,Covert
May 01 2018 01: +0,22.662,20,Well-Worn,Covert
May 02 2018 01: +0,23.371,20,Well-Worn,Covert
May 03 2018 01: +0,23.737,11,Well-Worn,Covert
May 04 2018 01: +0,23.356,15,Well-Worn,Covert
May 05 2018 01: +0,23.976,22,Well-Worn,Covert
May 06 2018 01: +0,23.991,18,Well-Worn,Covert
May 07 2018 01: +0,23.646,14,Well-Worn,Covert
May 08 2018 01: +0,23.861,19,Well-Worn,Covert
May 09 2018 01: +0,21.962,17,Well-Worn,Covert
May 10 2018 01: +0,22.397,19,Well-Worn,Covert
May 11 2018 01: +0,22.672,22,Well-Worn,Covert
May 12 2018 01: +0,22.463,17,Well-Worn,Covert
May 13 2018 01: +0,23.021,7,Well-Worn,Covert
May 14 2018 01: +0,23.043,13,Well-Worn,Covert
May 15 2018 01: +0,23.555,14,Well-Worn,Covert
May 16 2018 01: +0,23.154,14,Well-Worn,Covert
May 17 2018 01: +0,21.999,14,Well-Worn,Covert
May 18 2018 01: +0,21.47,15,Well-Worn,Covert
May 19 2018 01: +0,22.469,15,Well-Worn,Covert
May 20 2018 01: +0,22.38,16,Well-Worn,Covert
May 21 2018 01: +0,21.943,6,Well-Worn,Covert
May 22 2018 01: +0,22.857,13,Well-Worn,Covert
May 23 2018 01: +0,22.841,11,Well-Worn,Covert
May 24 2018 01: +0,21.692,11,Well-Worn,Covert
May 25 2018 01: +0,22.463,20,Well-Worn,Covert
May 26 2018 01: +0,22.25,13,Well-Worn,Covert
May 27 2018 01: +0,22.435,15,Well-Worn,Covert
May 28 2018 01: +0,21.775,19,Well-Worn,Covert
May 29 2018 01: +0,21.834,23,Well-Worn,Covert
May 30 2018 01: +0,21.721,20,Well-Worn,Covert
May 31 2018 01: +0,21.919,13,Well-Worn,Covert
Jun 01 2018 01: +0,21.701,18,Well-Worn,Covert
Jun 02 2018 01: +0,22.74,19,Well-Worn,Covert
Jun 03 2018 01: +0,21.814,16,Well-Worn,Covert
Jun 04 2018 01: +0,20.948,19,Well-Worn,Covert
Jun 05 2018 01: +0,21.471,17,Well-Worn,Covert
Jun 06 2018 01: +0,21.509,14,Well-Worn,Covert
Jun 07 2018 01: +0,21.266,19,Well-Worn,Covert
Jun 08 2018 01: +0,20.621,17,Well-Worn,Covert
Jun 09 2018 01: +0,19.765,23,Well-Worn,Covert
Jun 10 2018 01: +0,19.642,21,Well-Worn,Covert
Jun 11 2018 01: +0,19.563,19,Well-Worn,Covert
Jun 12 2018 01: +0,19.537,18,Well-Worn,Covert
Jun 13 2018 01: +0,19.169,16,Well-Worn,Covert
Jun 14 2018 01: +0,19.277,20,Well-Worn,Covert
Jun 15 2018 01: +0,19.641,15,Well-Worn,Covert
Jun 16 2018 01: +0,19.879,21,Well-Worn,Covert
Jun 17 2018 01: +0,18.168,18,Well-Worn,Covert
Jun 18 2018 01: +0,18.121,20,Well-Worn,Covert
Jun 19 2018 01: +0,18.13,19,Well-Worn,Covert
Jun 20 2018 01: +0,18.492,24,Well-Worn,Covert
Jun 21 2018 01: +0,18.672,14,Well-Worn,Covert
Jun 22 2018 01: +0,17.173,35,Well-Worn,Covert
Jun 23 2018 01: +0,16.61,33,Well-Worn,Covert
Jun 24 2018 01: +0,17.454,21,Well-Worn,Covert
Jun 25 2018 01: +0,16.41,24,Well-Worn,Covert
Jun 26 2018 01: +0,17.513,24,Well-Worn,Covert
Jun 27 2018 01: +0,17.62,15,Well-Worn,Covert
Jun 28 2018 01: +0,16.948,30,Well-Worn,Covert
Jun 29 2018 01: +0,17.99,26,Well-Worn,Covert
Jun 30 2018 01: +0,18.664,20,Well-Worn,Covert
Jul 01 2018 01: +0,17.319,25,Well-Worn,Covert
Jul 02 2018 01: +0,18.318,25,Well-Worn,Covert
Jul 03 2018 01: +0,18.377,17,Well-Worn,Covert
Jul 04 2018 01: +0,19.017,20,Well-Worn,Covert
Jul 05 2018 01: +0,19.178,20,Well-Worn,Covert
Jul 06 2018 01: +0,19.167,21,Well-Worn,Covert
Jul 07 2018 01: +0,19.816,17,Well-Worn,Covert
Jul 08 2018 01: +0,19.234,16,Well-Worn,Covert
Jul 09 2018 01: +0,19.926,20,Well-Worn,Covert
Jul 10 2018 01: +0,20.0,34,Well-Worn,Covert
Jul 11 2018 01: +0,20.393,21,Well-Worn,Covert
Jul 12 2018 01: +0,20.667,17,Well-Worn,Covert
Jul 13 2018 01: +0,20.458,22,Well-Worn,Covert
Jul 14 2018 01: +0,20.41,21,Well-Worn,Covert
Jul 15 2018 01: +0,19.938,31,Well-Worn,Covert
Jul 16 2018 01: +0,21.365,19,Well-Worn,Covert
Jul 17 2018 01: +0,21.332,17,Well-Worn,Covert
Jul 18 2018 01: +0,20.293,27,Well-Worn,Covert
Jul 19 2018 01: +0,19.84,28,Well-Worn,Covert
Jul 20 2018 01: +0,20.47,21,Well-Worn,Covert
Jul 21 2018 01: +0,20.708,27,Well-Worn,Covert
Jul 22 2018 01: +0,20.09,24,Well-Worn,Covert
Jul 23 2018 01: +0,20.334,22,Well-Worn,Covert
Jul 24 2018 01: +0,21.187,27,Well-Worn,Covert
Jul 25 2018 01: +0,21.838,23,Well-Worn,Covert
Jul 26 2018 01: +0,20.949,21,Well-Worn,Covert
