Steam_scrapper/Database_of_items_price/AK-47 _ Vulcan Well-Worn.csv
Date,Price,Quantity Sold,exterior,rarity
Sep 14 2020 01: +0,39.667,13,Well-Worn,Covert
Sep 15 2020 01: +0,38.874,14,Well-Worn,Covert
Sep 16 2020 01: +0,39.27,7,Well-Worn,Covert
Sep 17 2020 01: +0,38.822,14,Well-Worn,Covert
Sep 18 2020 01: +0,40.818,8,Well-Worn,Covert
Sep 19 2020 01: +0,41.025,14,Well-Worn,Covert
Sep 20 2020 01: +0,39.863,16,Well-Worn,Covert
Sep 21 2020 01: +0,39.22,18,Well-Worn,Covert
Sep 22 2020 01: +0,37.845,11,Well-Worn,Covert
Sep 23 2020 01: +0,40.27,11,Well-Worn,Covert
Sep 24 2020 01: +0,38.139,16,Well-Worn,Covert
Sep 25 2020 01: +0,40.419,19,Well-Worn,Covert
Sep 26 2020 01: +0,40.331,12,Well-Worn,Covert
Sep 27 2020 01: +0,39.035,16,Well-Worn,Covert
Sep 28 2020 01: +0,40.126,11,Well-Worn,Covert
Sep 29 2020 01: +0,37.77,13,Well-Worn,Covert
Sep 30 2020 01: +0,37.869,17,Well-Worn,Covert
Oct 01 2020 01: +0,39.461,16,Well-Worn,Covert
Oct 02 2020 01: +0,40.487,13,Well-Worn,Covert
Oct 03 2020 01: +0,39.382,14,Well-Worn,Covert
Oct 04 2020 01: +0,38.822,13,Well-Worn,Covert
Oct 05 2020 01: +0,40.186,14,Well-Worn,Covert
Oct 06 2020 01: +0,39.654,13,Well-Worn,Covert
Oct 07 2020 01: +0,41.349,13,Well-Worn,Covert
Oct 08 2020 01: +0,39.006,8,Well-Worn,Covert
Oct 09 2020 01: +0,42.028,15,Well-Worn,Covert
Oct 10 2020 01: +0,39.579,15,Well-Worn,Covert
Oct 11 2020 01: +0,40.746,10,Well-Worn,Covert
Oct 12 2020 01: +0,42.057,10,Well-Worn,Covert
Oct 13 2020 01: +0,42.043,14,Well-Worn,Covert
Oct 14 2020 01: +0,40.925,13,Well-Worn,Covert
Oct 15 2020 01: +0,41.667,14,Well-Worn,Covert
Oct 16 2020 01: +0,42.036,16,Well-Worn,Covert
Oct 17 2020 01: +0,42.509,11,Well-Worn,Covert
Oct 18 2020 01: +0,43.11,12,Well-Worn,Covert
Oct 19 2020 01: +0,42.085,13,Well-Worn,Covert
Oct 20 2020 01: +0,44.401,6,Well-Worn,Covert
Oct 21 2020 01: +0,44.041,10,Well-Worn,Covert
Oct 22 2020 01: +0,41.353,13,Well-Worn,Covert
Oct 23 2020 01: +0,43.848,9,Well-Worn,Covert
Oct 24 2020 01: +0,41.215,13,Well-Worn,Covert
Oct 25 2020 01: +0,42.48,15,Well-Worn,Covert
Oct 26 2020 01: +0,40.359,11,Well-Worn,Covert
Oct 27 2020 01: +0,41.22,13,Well-Worn,Covert
Oct 28 2020 01: +0,41.301,14,Well-Worn,Covert
Oct 29 2020 01: +0,41.764,10,Well-Worn,Covert
Oct 30 2020 01: +0,42.691,12,Well-Worn,Covert
Oct 31 2020 01: +0,41.771,20,Well-Worn,Covert
Nov 01 2020 01: +0,41.294,16,Well-Worn,Covert
Nov 02 2020 01: +0,42.189,9,Well-Worn,Covert
Nov 03 2020 01: +0,41.01,11,Well-Worn,Covert
Nov 04 2020 01: +0,43.861,10,Well-Worn,Covert
Nov 05 2020 01: +0,41.179,11,Well-Worn,Covert
Nov 06 2020 01: +0,42.843,12,Well-Worn,Covert
Nov 07 2020 01: +0,40.766,12,Well-Worn,Covert
Nov 08 2020 01: +0,41.947,14,Well-Worn,Covert
Nov 09 2020 01: +0,41.136,18,Well-Worn,Covert
Nov 10 2020 01: +0,43.22,13,Well-Worn,Covert
Nov 11 2020 01: +0,42.004,10,Well-Worn,Covert
Nov 12 2020 01: +0,40.359,11,Well-Worn,Covert
Nov 13 2020 01: +0,39.086,12,Well-Worn,Covert
Nov 14 2020 01: +0,41.682,20,Well-Worn,Covert
Nov 15 2020 01: +0,42.395,9,Well-Worn,Covert
Nov 16 2020 01: +0,42.087,18,Well-Worn,Covert
Nov 17 2020 01: +0,39.222,8,Well-Worn,Covert
Nov 18 2020 01: +0,39.341,11,Well-Worn,Covert
Nov 19 2020 01: +0,39.928,12,Well-Worn,Covert
Nov 20 2020 01: +0,40.201,10,Well-Worn,Covert
Nov 21 2020 01: +0,40.872,15,Well-Worn,Covert
Nov 22 2020 01: +0,41.077,18,Well-Worn,Covert
Nov 23 2020 01: +0,42.737,6,Well-Worn,Covert
Nov 24 2020 01: +0,41.14,20,Well-Worn,Covert
Nov 25 2020 01: +0,43.267,12,Well-Worn,Covert
Nov 26 2020 01: +0,38.601,20,Well-Worn,Covert
Nov 27 2020 01: +0,37.156,12,Well-Worn,Covert
Nov 28 2020 01: +0,40.71,14,Well-Worn,Covert
Nov 29 2020 01: +0,40.784,20,Well-Worn,Covert
Nov 30 2020 01: +0,41.509,16,Well-Worn,Covert
Dec 01 2020 01: +0,39.313,21,Well-Worn,Covert
Dec 02 2020 01: +0,40.12,10,Well-Worn,Covert
Dec 03 2020 01: +0,42.195,19,Well-Worn,Covert
Dec 04 2020 01: +0,35.338,45,Well-Worn,Covert
Dec 05 2020 01: +0,36.505,21,Well-Worn,Covert
Dec 06 2020 01: +0,35.533,18,Well-Worn,Covert
Dec 07 2020 01: +0,36.601,18,Well-Worn,Covert
Dec 08 2020 01: +0,36.55,18,Well-Worn,Covert
Dec 09 2020 01: +0,35.818,26,Well-Worn,Covert
Dec 10 2020 01: +0,35.105,19,Well-Worn,Covert
Dec 11 2020 01: +0,36.419,19,Well-Worn,Covert
Dec 12 2020 01: +0,34.914,23,Well-Worn,Covert
Dec 13 2020 01: +0,37.991,20,Well-Worn,Covert
Dec 14 2020 01: +0,39.592,15,Well-Worn,Covert
Dec 15 2020 01: +0,41.971,22,Well-Worn,Covert
Dec 16 2020 01: +0,42.676,18,Well-Worn,Covert
Dec 17 2020 01: +0,41.469,12,Well-Worn,Covert
Dec 18 2020 01: +0,41.955,18,Well-Worn,Covert
Dec 19 2020 01: +0,41.77,16,Well-Worn,Covert
Dec 20 2020 01: +0,42.287,22,Well-Worn,Covert
Dec 21 2020 01: +0,45.601,11,Well-Worn,Covert
Dec 22 2020 01: +0,42.702,12,Well-Worn,Covert
Dec 23 2020 01: +0,40.342,25,Well-Worn,Covert
Dec 24 2020 01: +0,42.845,25,Well-Worn,Covert
Dec 25 2020 01: +0,45.608,20,Well-Worn,Covert
Dec 26 2020 01: +0,47.46,18,Well-Worn,Covert
Dec 27 2020 01: +0,44.003,17,Well-Worn,Covert
Dec 28 2020 01: +0,45.81,29,Well-Worn,Covert
Dec 29 2020 01: +0,48.819,13,Well-Worn,Covert
Dec 30 2020 01: +0,50.105,13,Well-Worn,Covert
Dec 31 2020 01: +0,51.072,14,Well-Worn,Covert
Jan 01 2021 01: +0,49.916,16,Well-Worn,Covert
Jan 02 2021 01: +0,52.096,19,Well-Worn,Covert
Jan 03 2021 01: +0,47.544,16,Well-Worn,Covert
Jan 04 2021 01: +0,48.81,23,Well-Worn,Covert
Jan 05 2021 01: +0,48.939,15,Well-Worn,Covert
Jan 06 2021 01: +0,49.339,14,Well-Worn,Covert
Jan 07 2021 01: +0,51.184,8,Well-Worn,Covert
Jan 08 2021 01: +0,55.586,13,Well-Worn,Covert
Jan 09 2021 01: +0,53.848,23,Well-Worn,Covert
Jan 10 2021 01: +0,53.805,13,Well-Worn,Covert
Jan 11 2021 01: +0,54.912,17,Well-Worn,Covert
Jan 12 2021 01: +0,54.882,15,Well-Worn,Covert
Jan 13 2021 01: +0,51.149,16,Well-Worn,Covert
Jan 14 2021 01: +0,54.71,12,Well-Worn,Covert
Jan 15 2021 01: +0,50.962,8,Well-Worn,Covert
Jan 16 2021 01: +0,53.67,15,Well-Worn,Covert
Jan 17 2021 01: +0,52.973,14,Well-Worn,Covert
Jan 18 2021 01: +0,51.514,11,Well-Worn,Covert
Jan 19 2021 01: +0,56.786,11,Well-Worn,Covert
Jan 20 2021 01: +0,54.674,11,Well-Worn,Covert
Jan 21 2021 01: +0,53.351,8,Well-Worn,Covert
Jan 22 2021 01: +0,54.09,12,Well-Worn,Covert
Jan 23 2021 01: +0,52.743,10,Well-Worn,Covert
Jan 24 2021 01: +0,55.315,11,Well-Worn,Covert
Jan 25 2021 01: +0,51.96,14,Well-Worn,Covert
Jan 26 2021 01: +0,51.52,13,Well-Worn,Covert
Jan 27 2021 01: +0,53.345,13,Well-Worn,Covert
Jan 28 2021 01: +0,50.946,18,Well-Worn,Covert
Jan 29 2021 01: +0,54.155,10,Well-Worn,Covert
Jan 30 2021 01: +0,52.879,17,Well-Worn,Covert
Jan 31 2021 01: +0,51.071,11,Well-Worn,Covert
Feb 01 2021 01: +0,53.386,23,Well-Worn,Covert
Feb 02 2021 01: +0,50.183,19,Well-Worn,Covert
Feb 03 2021 01: +0,52.224,19,Well-Worn,Covert
Feb 04 2021 01: +0,53.244,11,Well-Worn,Covert
Feb 05 2021 01: +0,52.054,19,Well-Worn,Covert
Feb 06 2021 01: +0,51.135,12,Well-Worn,Covert
Feb 07 2021 01: +0,50.093,13,Well-Worn,Covert
Feb 08 2021 01: +0,51.856,13,Well-Worn,Covert
Feb 09 2021 01: +0,51.925,12,Well-Worn,Covert
Feb 10 2021 01: +0,51.318,14,Well-Worn,Covert
Feb 11 2021 01: +0,52.708,12,Well-Worn,Covert
Feb 12 2021 01: +0,51.645,10,Well-Worn,Covert
Feb 13 2021 01: +0,51.112,18,Well-Worn,Covert
Feb 14 2021 01: +0,53.356,20,Well-Worn,Covert
Feb 15 2021 01: +0,50.073,14,Well-Worn,Covert
Feb 16 2021 01: +0,50.231,13,Well-Worn,Covert
Feb 17 2021 01: +0,51.57,16,Well-Worn,Covert
Feb 18 2021 01: +0,57.48,10,Well-Worn,Covert
Feb 19 2021 01: +0,52.163,15,Well-Worn,Covert
Feb 20 2021 01: +0,53.091,11,Well-Worn,Covert
Feb 21 2021 01: +0,52.247,14,Well-Worn,Covert
Feb 22 2021 01: +0,51.602,13,Well-Worn,Covert
Feb 23 2021 01: +0,53.255,14,Well-Worn,Covert
Feb 24 2021 01: +0,53.202,13,Well-Worn,Covert
Feb 25 2021 01: +0,54.575,15,Well-Worn,Covert
Feb 26 2021 01: +0,55.951,19,Well-Worn,Covert
Feb 27 2021 01: +0,53.109,22,Well-Worn,Covert
Feb 28 2021 01: +0,53.803,10,Well-Worn,Covert
Mar 01 2021 01: +0,55.456,17,Well-Worn,Covert
Mar 02 2021 01: +0,54.179,15,Well-Worn,Covert
Mar 03 2021 01: +0,56.037,18,Well-Worn,Covert
Mar 04 2021 01: +0,60.044,13,Well-Worn,Covert
Mar 05 2021 01: +0,58.523,19,Well-Worn,Covert
Mar 06 2021 01: +0,61.983,12,Well-Worn,Covert
Mar 07 2021 01: +0,61.7,16,Well-Worn,Covert
Mar 08 2021 01: +0,57.867,16,Well-Worn,Covert
Mar 09 2021 01: +0,59.358,14,Well-Worn,Covert
Mar 10 2021 01: +0,49.143,19,Well-Worn,Covert
Mar 11 2021 01: +0,61.976,19,Well-Worn,Covert
Mar 12 2021 01: +0,61.754,11,Well-Worn,Covert
Mar 13 2021 01: +0,65.015,19,Well-Worn,Covert
Mar 14 2021 01: +0,65.248,14,Well-Worn,Covert
Mar 15 2021 01: +0,63.69,18,Well-Worn,Covert
Mar 16 2021 01: +0,60.854,12,Well-Worn,Covert
Mar 17 2021 01: +0,64.663,13,Well-Worn,Covert
Mar 18 2021 01: +0,63.057,17,Well-Worn,Covert
Mar 19 2021 01: +0,65.486,12,Well-Worn,Covert
Mar 20 2021 01: +0,65.023,17,Well-Worn,Covert
Mar 21 2021 01: +0,65.115,13,Well-Worn,Covert
Mar 22 2021 01: +0,63.3,16,Well-Worn,Covert
Mar 23 2021 01: +0,62.703,12,Well-Worn,Covert
Mar 24 2021 01: +0,63.964,19,Well-Worn,Covert
Mar 25 2021 01: +0,63.482,13,Well-Worn,Covert
Mar 26 2021 01: +0,65.783,15,Well-Worn,Covert
Mar 27 2021 01: +0,65.651,17,Well-Worn,Covert
Mar 28 2021 01: +0,63.696,6,Well-Worn,Covert
Mar 29 2021 01: +0,64.696,12,Well-Worn,Covert
Mar 30 2021 01: +0,66.617,13,Well-Worn,Covert
Mar 31 2021 01: +0,66.456,9,Well-Worn,Covert
Apr 01 2021 01: +0,67.833,18,Well-Worn,Covert
Apr 02 2021 01: +0,67.499,14,Well-Worn,Covert
Apr 03 2021 01: +0,70.0,16,Well-Worn,Covert
Apr 04 2021 01: +0,69.475,10,Well-Worn,Covert
Apr 05 2021 01: +0,69.191,16,Well-Worn,Covert
Apr 06 2021 01: +0,69.745,15,Well-Worn,Covert
Apr 07 2021 01: +0,69.676,14,Well-Worn,Covert
Apr 08 2021 01: +0,64.985,22,Well-Worn,Covert
Apr 09 2021 01: +0,62.854,16,Well-Worn,Covert
Apr 10 2021 01: +0,63.097,21,Well-Worn,Covert
Apr 11 2021 01: +0,64.124,12,Well-Worn,Covert
Apr 12 2021 01: +0,64.247,16,Well-Worn,Covert
Apr 13 2021 01: +0,62.837,12,Well-Worn,Covert
Apr 14 2021 01: +0,61.264,9,Well-Worn,Covert
Apr 15 2021 01: +0,63.61,21,Well-Worn,Covert
Apr 16 2021 01: +0,63.832,14,Well-Worn,Covert
Apr 17 2021 01: +0,62.309,3,Well-Worn,Covert
Apr 18 2021 01: +0,62.977,9,Well-Worn,Covert
Apr 19 2021 01: +0,65.963,11,Well-Worn,Covert
Apr 20 2021 01: +0,68.419,9,Well-Worn,Covert
Apr 21 2021 01: +0,63.361,13,Well-Worn,Covert
Apr 22 2021 01: +0,63.006,12,Well-Worn,Covert
Apr 23 2021 01: +0,63.257,10,Well-Worn,Covert
Apr 24 2021 01: +0,65.172,9,Well-Worn,Covert
Apr 25 2021 01: +0,63.343,13,Well-Worn,Covert
Apr 26 2021 01: +0,65.027,11,Well-Worn,Covert
Apr 27 2021 01: +0,63.19,8,Well-Worn,Covert
Apr 28 2021 01: +0,62.918,12,Well-Worn,Covert
Apr 29 2021 01: +0,61.853,12,Well-Worn,Covert
Apr 30 2021 01: +0,57.699,7,Well-Worn,Covert
May 01 2021 01: +0,60.553,10,Well-Worn,Covert
May 02 2021 01: +0,62.333,8,Well-Worn,Covert
May 03 2021 01: +0,61.804,12,Well-Worn,Covert
May 04 2021 01: +0,59.596,16,Well-Worn,Covert
May 05 2021 01: +0,58.559,18,Well-Worn,Covert
May 06 2021 01: +0,58.155,21,Well-Worn,Covert
May 07 2021 01: +0,61.026,15,Well-Worn,Covert
May 08 2021 01: +0,59.655,16,Well-Worn,Covert
May 09 2021 01: +0,61.482,7,Well-Worn,Covert
May 10 2021 01: +0,63.368,18,Well-Worn,Covert
May 11 2021 01: +0,61.78,14,Well-Worn,Covert
May 12 2021 01: +0,63.311,13,Well-Worn,Covert
May 13 2021 01: +0,62.042,15,Well-Worn,Covert
May 14 2021 01: +0,64.306,8,Well-Worn,Covert
May 15 2021 01: +0,65.205,9,Well-Worn,Covert
May 16 2021 01: +0,66.909,14,Well-Worn,Covert
May 17 2021 01: +0,64.092,11,Well-Worn,Covert
May 18 2021 01: +0,64.989,12,Well-Worn,Covert
May 19 2021 01: +0,65.587,12,Well-Worn,Covert
May 20 2021 01: +0,65.272,17,Well-Worn,Covert
May 21 2021 01: +0,63.419,17,Well-Worn,Covert
May 22 2021 01: +0,61.648,14,Well-Worn,Covert
May 23 2021 01: +0,63.293,8,Well-Worn,Covert
May 24 2021 01: +0,65.405,14,Well-Worn,Covert
May 25 2021 01: +0,65.361,15,Well-Worn,Covert
May 26 2021 01: +0,67.656,10,Well-Worn,Covert
May 27 2021 01: +0,64.52,9,Well-Worn,Covert
May 28 2021 01: +0,63.444,14,Well-Worn,Covert
May 29 2021 01: +0,65.911,10,Well-Worn,Covert
May 30 2021 01: +0,70.4,10,Well-Worn,Covert
May 31 2021 01: +0,66.7,9,Well-Worn,Covert
Jun 01 2021 01: +0,67.027,14,Well-Worn,Covert
Jun 02 2021 01: +0,74.41,10,Well-Worn,Covert
Jun 03 2021 01: +0,68.39,7,Well-Worn,Covert
Jun 04 2021 01: +0,66.891,13,Well-Worn,Covert
Jun 05 2021 01: +0,62.35,11,Well-Worn,Covert
Jun 06 2021 01: +0,64.765,12,Well-Worn,Covert
Jun 07 2021 01: +0,67.045,17,Well-Worn,Covert
Jun 08 2021 01: +0,61.016,9,Well-Worn,Covert
Jun 09 2021 01: +0,68.565,7,Well-Worn,Covert
Jun 10 2021 01: +0,67.058,11,Well-Worn,Covert
Jun 11 2021 01: +0,59.701,9,Well-Worn,Covert
Jun 12 2021 01: +0,63.518,9,Well-Worn,Covert
Jun 13 2021 01: +0,64.924,10,Well-Worn,Covert
Jun 14 2021 01: +0,66.524,17,Well-Worn,Covert
Jun 15 2021 01: +0,62.974,7,Well-Worn,Covert
Jun 16 2021 01: +0,66.56,8,Well-Worn,Covert
Jun 17 2021 01: +0,65.816,7,Well-Worn,Covert
Jun 18 2021 01: +0,63.626,8,Well-Worn,Covert
Jun 19 2021 01: +0,63.033,14,Well-Worn,Covert
Jun 20 2021 01: +0,64.398,11,Well-Worn,Covert
Jun 21 2021 01: +0,63.792,10,Well-Worn,Covert
Jun 22 2021 01: +0,64.223,6,Well-Worn,Covert
Jun 23 2021 01: +0,62.435,8,Well-Worn,Covert
Jun 24 2021 01: +0,59.314,13,Well-Worn,Covert
Jun 25 2021 01: +0,59.256,10,Well-Worn,Covert
Jun 26 2021 01: +0,60.213,8,Well-Worn,Covert
Jun 27 2021 01: +0,57.685,10,Well-Worn,Covert
Jun 28 2021 01: +0,62.069,8,Well-Worn,Covert
Jun 29 2021 01: +0,61.066,12,Well-Worn,Covert
Jun 30 2021 01: +0,60.299,13,Well-Worn,Covert
Jul 01 2021 01: +0,59.424,13,Well-Worn,Covert
Jul 02 2021 01: +0,61.312,12,Well-Worn,Covert
Jul 03 2021 01: +0,62.062,8,Well-Worn,Covert
Jul 04 2021 01: +0,60.108,11,Well-Worn,Covert
Jul 05 2021 01: +0,57.988,16,Well-Worn,Covert
Jul 06 2021 01: +0,59.132,6,Well-Worn,Covert
Jul 07 2021 01: +0,57.757,10,Well-Worn,Covert
Jul 08 2021 01: +0,57.516,13,Well-Worn,Covert
Jul 09 2021 01: +0,58.852,9,Well-Worn,Covert
Jul 10 2021 01: +0,60.942,9,Well-Worn,Covert
Jul 11 2021 01: +0,62.332,5,Well-Worn,Covert
Jul 12 2021 01: +0,61.469,9,Well-Worn,Covert
Jul 13 2021 01: +0,58.997,10,Well-Worn,Covert
Jul 14 2021 01: +0,58.937,11,Well-Worn,Covert
Jul 15 2021 01: +0,61.354,6,Well-Worn,Covert
Jul 16 2021 01: +0,62.582,10,Well-Worn,Covert
Jul 17 2021 01: +0,59.35,10,Well-Worn,Covert
Jul 18 2021 01: +0,57.368,11,Well-Worn,Covert
Jul 19 2021 01: +0,58.133,8,Well-Worn,Covert
Jul 20 2021 01: +0,58.704,10,Well-Worn,Covert
Jul 21 2021 01: +0,61.517,15,Well-Worn,Covert
Jul 22 2021 01: +0,59.451,7,Well-Worn,Covert
Jul 23 2021 01: +0,56.783,10,Well-Worn,Covert
Jul 24 2021 01: +0,60.798,9,Well-Worn,Covert
Jul 25 2021 01: +0,61.3,8,Well-Worn,Covert
Jul 26 2021 01: +0,64.113,11,Well-Worn,Covert
Jul 27 2021 01: +0,61.01,7,Well-Worn,Covert
Jul 28 2021 01: +0,58.823,9,Well-Worn,Covert
Jul 29 2021 01: +0,61.755,6,Well-Worn,Covert
Jul 30 2021 01: +0,59.484,13,Well-Worn,Covert
Jul 31 2021 01: +0,58.205,11,Well-Worn,Covert
Aug 01 2021 01: +0,59.979,11,Well-Worn,Covert
Aug 02 2021 01: +0,62.035,8,Well-Worn,Covert
Aug 03 2021 01: +0,61.43,9,Well-Worn,Covert
Aug 04 2021 01: +0,61.339,9,Well-Worn,Covert
Aug 05 2021 01: +0,64.788,6,Well-Worn,Covert
Aug 06 2021 01: +0,62.29,15,Well-Worn,Covert
Aug 07 2021 01: +0,61.72,8,Well-Worn,Covert
Aug 08 2021 01: +0,64.489,6,Well-Worn,Covert
Aug 09 2021 01: +0,64.5,6,Well-Worn,Covert
Aug 10 2021 01: +0,63.775,9,Well-Worn,Covert
Aug 11 2021 01: +0,65.366,9,Well-Worn,Covert
Aug 12 2021 01: +0,60.333,14,Well-Worn,Covert
Aug 13 2021 01: +0,59.043,10,Well-Worn,Covert
Aug 14 2021 01: +0,59.44,10,Well-Worn,Covert
Aug 15 2021 01: +0,58.946,8,Well-Worn,Covert
Aug 16 2021 01: +0,59.807,12,Well-Worn,Covert
Aug 17 2021 01: +0,56.424,11,Well-Worn,Covert
Aug 18 2021 01: +0,56.007,10,Well-Worn,Covert
Aug 19 2021 01: +0,60.032,12,Well-Worn,Covert
Aug 20 2021 01: +0,61.342,6,Well-Worn,Covert
Aug 21 2021 01: +0,60.876,15,Well-Worn,Covert
Aug 22 2021 01: +0,56.545,13,Well-Worn,Covert
Aug 23 2021 01: +0,54.817,18,Well-Worn,Covert
Aug 24 2021 01: +0,61.569,7,Well-Worn,Covert
Aug 25 2021 01: +0,58.471,12,Well-Worn,Covert
Aug 26 2021 01: +0,57.645,12,Well-Worn,Covert
Aug 27 2021 01: +0,59.108,8,Well-Worn,Covert
Aug 28 2021 01: +0,60.367,6,Well-Worn,Covert
Aug 29 2021 01: +0,59.379,8,Well-Worn,Covert
Aug 30 2021 01: +0,59.363,10,Well-Worn,Covert
Aug 31 2021 01: +0,60.4,15,Well-Worn,Covert
Sep 01 2021 01: +0,58.369,14,Well-Worn,Covert
Sep 02 2021 01: +0,57.456,8,Well-Worn,Covert
Sep 03 2021 01: +0,61.097,16,Well-Worn,Covert
Sep 04 2021 01: +0,62.193,11,Well-Worn,Covert
Sep 05 2021 01: +0,61.01,14,Well-Worn,Covert
Sep 06 2021 01: +0,62.105,10,Well-Worn,Covert
Sep 07 2021 01: +0,56.507,7,Well-Worn,Covert
Sep 08 2021 01: +0,60.907,10,Well-Worn,Covert
Sep 09 2021 01: +0,58.331,8,Well-Worn,Covert
Sep 10 2021 01: +0,60.807,12,Well-Worn,Covert
Sep 11 2021 01: +0,64.144,12,Well-Worn,Covert
Sep 12 2021 01: +0,63.31,9,Well-Worn,Covert
Sep 13 2021 01: +0,62.908,12,Well-Worn,Covert
Sep 14 2021 01: +0,61.312,10,Well-Worn,Covert
Sep 15 2021 01: +0,65.593,5,Well-Worn,Covert
Sep 16 2021 01: +0,61.965,7,Well-Worn,Covert
Sep 17 2021 01: +0,60.953,3,Well-Worn,Covert
Sep 18 2021 01: +0,58.915,9,Well-Worn,Covert
Sep 19 2021 01: +0,59.127,10,Well-Worn,Covert
Sep 20 2021 01: +0,65.026,9,Well-Worn,Covert
Sep 21 2021 01: +0,60.206,7,Well-Worn,Covert
Sep 22 2021 01: +0,48.902,37,Well-Worn,Covert
Sep 23 2021 01: +0,44.611,7,Well-Worn,Covert
Sep 24 2021 01: +0,48.155,16,Well-Worn,Covert
Sep 25 2021 01: +0,48.237,18,Well-Worn,Covert
Sep 26 2021 01: +0,51.858,14,Well-Worn,Covert
Sep 27 2021 01: +0,53.167,19,Well-Worn,Covert
Sep 28 2021 01: +0,49.67,8,Well-Worn,Covert
Sep 29 2021 01: +0,51.067,13,Well-Worn,Covert
Sep 30 2021 01: +0,52.57,12,Well-Worn,Covert
Oct 01 2021 01: +0,53.36,19,Well-Worn,Covert
Oct 02 2021 01: +0,52.956,20,Well-Worn,Covert
Oct 03 2021 01: +0,50.652,15,Well-Worn,Covert
Oct 04 2021 01: +0,51.849,7,Well-Worn,Covert
Oct 05 2021 01: +0,51.844,13,Well-Worn,Covert
Oct 06 2021 01: +0,54.107,13,Well-Worn,Covert
Oct 07 2021 01: +0,54.48,21,Well-Worn,Covert
Oct 08 2021 01: +0,54.295,19,Well-Worn,Covert
Oct 09 2021 01: +0,56.285,15,Well-Worn,Covert
Oct 10 2021 01: +0,56.934,9,Well-Worn,Covert
