Steam_scrapper/Database_of_items_price/AK-47 _ Vulcan Well-Worn.csv
Date,Price,Quantity Sold,exterior,rarity
Oct 11 2021 01: +0,56.032,11,Well-Worn,Covert
Oct 12 2021 01: +0,54.731,14,Well-Worn,Covert
Oct 13 2021 01: +0,54.56,12,Well-Worn,Covert
Oct 14 2021 01: +0,56.574,12,Well-Worn,Covert
Oct 15 2021 01: +0,57.097,15,Well-Worn,Covert
Oct 16 2021 01: +0,57.499,10,Well-Worn,Covert
Oct 17 2021 01: +0,57.719,11,Well-Worn,Covert
Oct 18 2021 01: +0,53.943,15,Well-Worn,Covert
Oct 19 2021 01: +0,53.703,11,Well-Worn,Covert
Oct 20 2021 01: +0,53.785,13,Well-Worn,Covert
Oct 21 2021 01: +0,53.18,8,Well-Worn,Covert
Oct 22 2021 01: +0,54.707,24,Well-Worn,Covert
Oct 23 2021 01: +0,54.378,10,Well-Worn,Covert
Oct 24 2021 01: +0,55.89,12,Well-Worn,Covert
Oct 25 2021 01: +0,53.342,18,Well-Worn,Covert
Oct 26 2021 01: +0,55.611,9,Well-Worn,Covert
Oct 27 2021 01: +0,56.791,18,Well-Worn,Covert
Oct 28 2021 01: +0,51.856,14,Well-Worn,Covert
Oct 29 2021 01: +0,50.738,12,Well-Worn,Covert
Oct 30 2021 01: +0,52.035,15,Well-Worn,Covert
Oct 31 2021 01: +0,52.964,20,Well-Worn,Covert
Nov 01 2021 01: +0,53.988,9,Well-Worn,Covert
Nov 02 2021 01: +0,55.362,17,Well-Worn,Covert
Nov 03 2021 01: +0,58.912,19,Well-Worn,Covert
Nov 04 2021 01: +0,56.477,14,Well-Worn,Covert
Nov 05 2021 01: +0,54.994,17,Well-Worn,Covert
Nov 06 2021 01: +0,55.132,14,Well-Worn,Covert
Nov 07 2021 01: +0,55.431,13,Well-Worn,Covert
Nov 08 2021 01: +0,56.635,15,Well-Worn,Covert
Nov 09 2021 01: +0,55.763,9,Well-Worn,Covert
Nov 10 2021 01: +0,55.771,14,Well-Worn,Covert
Nov 11 2021 01: +0,55.073,13,Well-Worn,Covert
Nov 12 2021 01: +0,54.8,16,Well-Worn,Covert
Nov 13 2021 01: +0,53.707,8,Well-Worn,Covert
Nov 14 2021 01: +0,58.44,20,Well-Worn,Covert
Nov 15 2021 01: +0,59.532,9,Well-Worn,Covert
Nov 16 2021 01: +0,56.058,9,Well-Worn,Covert
Nov 17 2021 01: +0,57.856,13,Well-Worn,Covert
Nov 18 2021 01: +0,56.732,20,Well-Worn,Covert
Nov 19 2021 01: +0,57.394,13,Well-Worn,Covert
Nov 20 2021 01: +0,56.162,10,Well-Worn,Covert
Nov 21 2021 01: +0,57.715,15,Well-Worn,Covert
Nov 22 2021 01: +0,57.312,13,Well-Worn,Covert
Nov 23 2021 01: +0,59.982,10,Well-Worn,Covert
Nov 24 2021 01: +0,51.239,9,Well-Worn,Covert
Nov 25 2021 01: +0,52.923,12,Well-Worn,Covert
Nov 26 2021 01: +0,56.068,19,Well-Worn,Covert
Nov 27 2021 01: +0,52.372,11,Well-Worn,Covert
Nov 28 2021 01: +0,53.937,27,Well-Worn,Covert
Nov 29 2021 01: +0,53.759,10,Well-Worn,Covert
Nov 30 2021 01: +0,53.555,18,Well-Worn,Covert
Dec 01 2021 01: +0,55.926,16,Well-Worn,Covert
Dec 02 2021 01: +0,54.758,12,Well-Worn,Covert
Dec 03 2021 01: +0,55.239,20,Well-Worn,Covert
Dec 04 2021 01: +0,58.189,13,Well-Worn,Covert
Dec 05 2021 01: +0,57.682,13,Well-Worn,Covert
Dec 06 2021 01: +0,60.796,8,Well-Worn,Covert
Dec 07 2021 01: +0,64.561,6,Well-Worn,Covert
Dec 08 2021 01: +0,65.48,13,Well-Worn,Covert
Dec 09 2021 01: +0,63.132,11,Well-Worn,Covert
Dec 10 2021 01: +0,64.596,9,Well-Worn,Covert
Dec 11 2021 01: +0,63.881,10,Well-Worn,Covert
Dec 12 2021 01: +0,64.527,10,Well-Worn,Covert
Dec 13 2021 01: +0,62.642,5,Well-Worn,Covert
Dec 14 2021 01: +0,62.242,10,Well-Worn,Covert
Dec 15 2021 01: +0,59.106,12,Well-Worn,Covert
Dec 16 2021 01: +0,57.651,10,Well-Worn,Covert
Dec 17 2021 01: +0,57.857,13,Well-Worn,Covert
Dec 18 2021 01: +0,62.133,9,Well-Worn,Covert
Dec 19 2021 01: +0,58.511,10,Well-Worn,Covert
Dec 20 2021 01: +0,56.62,14,Well-Worn,Covert
Dec 21 2021 01: +0,60.494,14,Well-Worn,Covert
Dec 22 2021 01: +0,62.9,12,Well-Worn,Covert
Dec 23 2021 01: +0,61.92,8,Well-Worn,Covert
Dec 24 2021 01: +0,60.229,15,Well-Worn,Covert
Dec 25 2021 01: +0,59.818,25,Well-Worn,Covert
Dec 26 2021 01: +0,59.009,13,Well-Worn,Covert
Dec 27 2021 01: +0,61.555,14,Well-Worn,Covert
Dec 28 2021 01: +0,63.727,8,Well-Worn,Covert
Dec 29 2021 01: +0,72.756,9,Well-Worn,Covert
Dec 30 2021 01: +0,63.196,12,Well-Worn,Covert
Dec 31 2021 01: +0,70.694,9,Well-Worn,Covert
Jan 01 2022 01: +0,68.422,6,Well-Worn,Covert
Jan 02 2022 01: +0,70.788,6,Well-Worn,Covert
Jan 03 2022 01: +0,65.714,11,Well-Worn,Covert
Jan 04 2022 01: +0,66.545,11,Well-Worn,Covert
Jan 05 2022 01: +0,70.391,16,Well-Worn,Covert
Jan 06 2022 01: +0,67.153,7,Well-Worn,Covert
Jan 07 2022 01: +0,67.502,8,Well-Worn,Covert
Jan 08 2022 01: +0,67.268,15,Well-Worn,Covert
Jan 09 2022 01: +0,69.611,10,Well-Worn,Covert
Jan 10 2022 01: +0,71.33,12,Well-Worn,Covert
Jan 11 2022 01: +0,70.088,12,Well-Worn,Covert
Jan 12 2022 01: +0,63.799,12,Well-Worn,Covert
Jan 13 2022 01: +0,67.888,11,Well-Worn,Covert
Jan 14 2022 01: +0,69.262,14,Well-Worn,Covert
Jan 15 2022 01: +0,67.503,17,Well-Worn,Covert
Jan 16 2022 01: +0,71.347,8,Well-Worn,Covert
Jan 17 2022 01: +0,71.919,8,Well-Worn,Covert
Jan 18 2022 01: +0,69.145,20,Well-Worn,Covert
Jan 19 2022 01: +0,72.339,11,Well-Worn,Covert
Jan 20 2022 01: +0,70.646,11,Well-Worn,Covert
Jan 21 2022 01: +0,67.903,16,Well-Worn,Covert
Jan 22 2022 01: +0,68.105,12,Well-Worn,Covert
Jan 23 2022 01: +0,64.838,13,Well-Worn,Covert
Jan 24 2022 01: +0,68.324,9,Well-Worn,Covert
Jan 25 2022 01: +0,64.844,6,Well-Worn,Covert
Jan 26 2022 01: +0,64.243,9,Well-Worn,Covert
Jan 27 2022 01: +0,66.529,12,Well-Worn,Covert
Jan 28 2022 01: +0,57.839,9,Well-Worn,Covert
Jan 29 2022 01: +0,63.486,10,Well-Worn,Covert
Jan 30 2022 01: +0,63.817,8,Well-Worn,Covert
Jan 31 2022 01: +0,63.074,10,Well-Worn,Covert
Feb 01 2022 01: +0,67.968,10,Well-Worn,Covert
Feb 02 2022 01: +0,68.523,18,Well-Worn,Covert
Feb 03 2022 01: +0,74.039,10,Well-Worn,Covert
Feb 04 2022 01: +0,72.107,11,Well-Worn,Covert
Feb 05 2022 01: +0,71.82,9,Well-Worn,Covert
Feb 06 2022 01: +0,75.284,8,Well-Worn,Covert
Feb 07 2022 01: +0,71.036,9,Well-Worn,Covert
Feb 08 2022 01: +0,71.706,12,Well-Worn,Covert
Feb 09 2022 01: +0,71.94,6,Well-Worn,Covert
Feb 10 2022 01: +0,67.945,10,Well-Worn,Covert
Feb 11 2022 01: +0,73.63,11,Well-Worn,Covert
Feb 12 2022 01: +0,66.546,9,Well-Worn,Covert
Feb 13 2022 01: +0,72.472,13,Well-Worn,Covert
Feb 14 2022 01: +0,71.49,11,Well-Worn,Covert
Feb 15 2022 01: +0,70.254,17,Well-Worn,Covert
Feb 16 2022 01: +0,74.971,7,Well-Worn,Covert
Feb 17 2022 01: +0,70.312,9,Well-Worn,Covert
Feb 18 2022 01: +0,72.553,10,Well-Worn,Covert
Feb 19 2022 01: +0,71.21,13,Well-Worn,Covert
Feb 20 2022 01: +0,69.815,14,Well-Worn,Covert
Feb 21 2022 01: +0,73.652,7,Well-Worn,Covert
Feb 22 2022 01: +0,74.067,11,Well-Worn,Covert
Feb 23 2022 01: +0,70.029,11,Well-Worn,Covert
Feb 24 2022 01: +0,72.368,5,Well-Worn,Covert
Feb 25 2022 01: +0,74.927,13,Well-Worn,Covert
Feb 26 2022 01: +0,72.178,10,Well-Worn,Covert
Feb 27 2022 01: +0,70.275,12,Well-Worn,Covert
Feb 28 2022 01: +0,72.091,15,Well-Worn,Covert
Mar 01 2022 01: +0,75.881,8,Well-Worn,Covert
Mar 02 2022 01: +0,71.352,11,Well-Worn,Covert
Mar 03 2022 01: +0,79.549,10,Well-Worn,Covert
Mar 04 2022 01: +0,75.319,10,Well-Worn,Covert
Mar 05 2022 01: +0,79.109,9,Well-Worn,Covert
Mar 06 2022 01: +0,77.622,7,Well-Worn,Covert
Mar 07 2022 01: +0,78.212,17,Well-Worn,Covert
Mar 08 2022 01: +0,76.165,9,Well-Worn,Covert
Mar 09 2022 01: +0,75.449,10,Well-Worn,Covert
Mar 10 2022 01: +0,73.159,13,Well-Worn,Covert
Mar 11 2022 01: +0,78.918,13,Well-Worn,Covert
Mar 12 2022 01: +0,79.485,4,Well-Worn,Covert
Mar 13 2022 01: +0,77.136,12,Well-Worn,Covert
Mar 14 2022 01: +0,75.877,8,Well-Worn,Covert
Mar 15 2022 01: +0,77.548,9,Well-Worn,Covert
Mar 16 2022 01: +0,78.268,10,Well-Worn,Covert
Mar 17 2022 01: +0,81.096,6,Well-Worn,Covert
Mar 18 2022 01: +0,77.856,4,Well-Worn,Covert
Mar 19 2022 01: +0,87.997,12,Well-Worn,Covert
Mar 20 2022 01: +0,74.902,13,Well-Worn,Covert
Mar 21 2022 01: +0,77.201,13,Well-Worn,Covert
Mar 22 2022 01: +0,78.385,6,Well-Worn,Covert
Mar 23 2022 01: +0,78.325,16,Well-Worn,Covert
Mar 24 2022 01: +0,78.629,4,Well-Worn,Covert
Mar 25 2022 01: +0,80.703,9,Well-Worn,Covert
Mar 26 2022 01: +0,80.387,10,Well-Worn,Covert
Mar 27 2022 01: +0,80.974,13,Well-Worn,Covert
Mar 28 2022 01: +0,81.173,8,Well-Worn,Covert
Mar 29 2022 01: +0,79.025,16,Well-Worn,Covert
Mar 30 2022 01: +0,77.291,12,Well-Worn,Covert
Mar 31 2022 01: +0,79.432,7,Well-Worn,Covert
Apr 01 2022 01: +0,82.757,4,Well-Worn,Covert
Apr 01 2022 13: +0,87.535,1,Well-Worn,Covert
Apr 01 2022 14: +0,76.615,2,Well-Worn,Covert
Apr 01 2022 18: +0,89.092,1,Well-Worn,Covert
Apr 01 2022 19: +0,118.796,1,Well-Worn,Covert
Apr 02 2022 00: +0,83.875,1,Well-Worn,Covert
Apr 02 2022 05: +0,77.0,1,Well-Worn,Covert
Apr 02 2022 06: +0,77.11,1,Well-Worn,Covert
Apr 02 2022 09: +0,87.01,1,Well-Worn,Covert
Apr 02 2022 11: +0,88.522,1,Well-Worn,Covert
Apr 02 2022 13: +0,90.255,1,Well-Worn,Covert
Apr 02 2022 17: +0,86.094,1,Well-Worn,Covert
Apr 02 2022 18: +0,81.608,2,Well-Worn,Covert
Apr 02 2022 21: +0,79.31,1,Well-Worn,Covert
Apr 02 2022 23: +0,79.152,2,Well-Worn,Covert
Apr 03 2022 07: +0,63.172,1,Well-Worn,Covert
Apr 03 2022 11: +0,87.496,1,Well-Worn,Covert
Apr 03 2022 14: +0,78.293,1,Well-Worn,Covert
Apr 03 2022 15: +0,88.544,1,Well-Worn,Covert
Apr 03 2022 18: +0,78.33,1,Well-Worn,Covert
Apr 03 2022 19: +0,86.248,1,Well-Worn,Covert
Apr 03 2022 20: +0,82.463,2,Well-Worn,Covert
Apr 03 2022 22: +0,82.265,2,Well-Worn,Covert
Apr 04 2022 04: +0,78.51,1,Well-Worn,Covert
Apr 04 2022 07: +0,88.549,1,Well-Worn,Covert
Apr 04 2022 10: +0,88.554,1,Well-Worn,Covert
Apr 04 2022 12: +0,87.104,1,Well-Worn,Covert
Apr 04 2022 13: +0,77.23,1,Well-Worn,Covert
Apr 04 2022 16: +0,83.063,2,Well-Worn,Covert
Apr 04 2022 17: +0,78.528,3,Well-Worn,Covert
Apr 04 2022 21: +0,67.336,1,Well-Worn,Covert
Apr 04 2022 22: +0,76.32,1,Well-Worn,Covert
Apr 05 2022 03: +0,78.53,2,Well-Worn,Covert
Apr 05 2022 06: +0,75.9,1,Well-Worn,Covert
Apr 05 2022 11: +0,77.813,2,Well-Worn,Covert
Apr 05 2022 12: +0,82.452,2,Well-Worn,Covert
Apr 05 2022 14: +0,82.089,1,Well-Worn,Covert
Apr 05 2022 16: +0,85.753,1,Well-Worn,Covert
Apr 05 2022 18: +0,85.142,3,Well-Worn,Covert
Apr 05 2022 21: +0,98.84,1,Well-Worn,Covert
Apr 06 2022 12: +0,86.342,1,Well-Worn,Covert
Apr 06 2022 18: +0,69.29,1,Well-Worn,Covert
Apr 07 2022 07: +0,80.89,1,Well-Worn,Covert
Apr 07 2022 12: +0,88.627,1,Well-Worn,Covert
Apr 07 2022 13: +0,94.048,1,Well-Worn,Covert
Apr 07 2022 14: +0,78.208,2,Well-Worn,Covert
Apr 07 2022 16: +0,91.085,3,Well-Worn,Covert
Apr 07 2022 19: +0,94.634,1,Well-Worn,Covert
Apr 07 2022 21: +0,84.371,2,Well-Worn,Covert
Apr 07 2022 22: +0,88.427,1,Well-Worn,Covert
Apr 08 2022 06: +0,86.71,1,Well-Worn,Covert
Apr 08 2022 12: +0,84.24,1,Well-Worn,Covert
Apr 08 2022 14: +0,84.061,1,Well-Worn,Covert
Apr 08 2022 16: +0,84.21,1,Well-Worn,Covert
Apr 08 2022 17: +0,86.766,1,Well-Worn,Covert
Apr 08 2022 18: +0,80.017,1,Well-Worn,Covert
Apr 08 2022 19: +0,94.186,1,Well-Worn,Covert
Apr 08 2022 20: +0,94.186,1,Well-Worn,Covert
Apr 09 2022 11: +0,88.85,1,Well-Worn,Covert
Apr 09 2022 18: +0,83.98,1,Well-Worn,Covert
Apr 09 2022 20: +0,91.326,1,Well-Worn,Covert
Apr 10 2022 00: +0,83.967,1,Well-Worn,Covert
Apr 10 2022 01: +0,89.95,1,Well-Worn,Covert
Apr 10 2022 02: +0,95.35,1,Well-Worn,Covert
Apr 10 2022 04: +0,81.68,1,Well-Worn,Covert
Apr 10 2022 07: +0,81.67,1,Well-Worn,Covert
Apr 10 2022 09: +0,105.447,1,Well-Worn,Covert
Apr 10 2022 12: +0,81.02,1,Well-Worn,Covert
Apr 10 2022 16: +0,90.96,1,Well-Worn,Covert
Apr 10 2022 21: +0,82.11,1,Well-Worn,Covert
Apr 11 2022 01: +0,74.76,1,Well-Worn,Covert
Apr 11 2022 16: +0,84.192,1,Well-Worn,Covert
Apr 11 2022 18: +0,98.372,2,Well-Worn,Covert
Apr 11 2022 19: +0,82.13,1,Well-Worn,Covert
Apr 12 2022 02: +0,100.18,1,Well-Worn,Covert
Apr 12 2022 09: +0,99.461,1,Well-Worn,Covert
Apr 12 2022 11: +0,98.017,1,Well-Worn,Covert
Apr 12 2022 17: +0,92.812,2,Well-Worn,Covert
Apr 12 2022 18: +0,98.779,2,Well-Worn,Covert
Apr 12 2022 23: +0,82.8,1,Well-Worn,Covert
Apr 13 2022 02: +0,83.122,1,Well-Worn,Covert
Apr 13 2022 08: +0,82.28,1,Well-Worn,Covert
Apr 13 2022 13: +0,92.31,1,Well-Worn,Covert
Apr 13 2022 21: +0,91.352,1,Well-Worn,Covert
Apr 14 2022 01: +0,83.444,1,Well-Worn,Covert
Apr 14 2022 05: +0,87.121,1,Well-Worn,Covert
Apr 14 2022 14: +0,91.412,1,Well-Worn,Covert
Apr 14 2022 23: +0,97.335,1,Well-Worn,Covert
Apr 15 2022 01: +0,82.009,2,Well-Worn,Covert
Apr 15 2022 05: +0,82.77,1,Well-Worn,Covert
Apr 15 2022 10: +0,81.43,1,Well-Worn,Covert
Apr 15 2022 17: +0,93.208,1,Well-Worn,Covert
Apr 15 2022 18: +0,86.61,1,Well-Worn,Covert
Apr 15 2022 19: +0,83.034,1,Well-Worn,Covert
Apr 15 2022 20: +0,82.72,1,Well-Worn,Covert
Apr 15 2022 22: +0,86.65,1,Well-Worn,Covert
Apr 16 2022 02: +0,81.895,2,Well-Worn,Covert
Apr 16 2022 04: +0,81.09,1,Well-Worn,Covert
Apr 16 2022 07: +0,86.232,1,Well-Worn,Covert
Apr 16 2022 10: +0,82.995,2,Well-Worn,Covert
Apr 16 2022 11: +0,83.12,1,Well-Worn,Covert
Apr 16 2022 16: +0,89.099,1,Well-Worn,Covert
Apr 16 2022 17: +0,81.44,2,Well-Worn,Covert
Apr 16 2022 18: +0,83.181,1,Well-Worn,Covert
Apr 16 2022 22: +0,83.26,1,Well-Worn,Covert
Apr 17 2022 00: +0,84.81,1,Well-Worn,Covert
Apr 17 2022 01: +0,96.103,1,Well-Worn,Covert
Apr 17 2022 11: +0,88.895,1,Well-Worn,Covert
Apr 17 2022 14: +0,83.85,1,Well-Worn,Covert
Apr 17 2022 21: +0,87.51,1,Well-Worn,Covert
Apr 18 2022 01: +0,83.45,1,Well-Worn,Covert
Apr 18 2022 09: +0,85.348,1,Well-Worn,Covert
Apr 18 2022 16: +0,89.165,2,Well-Worn,Covert
Apr 18 2022 17: +0,83.96,1,Well-Worn,Covert
Apr 18 2022 18: +0,82.987,1,Well-Worn,Covert
Apr 18 2022 21: +0,82.8,1,Well-Worn,Covert
Apr 18 2022 22: +0,89.9,1,Well-Worn,Covert
Apr 19 2022 06: +0,82.617,1,Well-Worn,Covert
Apr 19 2022 10: +0,81.116,2,Well-Worn,Covert
Apr 19 2022 11: +0,85.112,1,Well-Worn,Covert
Apr 19 2022 12: +0,105.607,1,Well-Worn,Covert
Apr 19 2022 13: +0,88.212,1,Well-Worn,Covert
Apr 19 2022 14: +0,84.173,1,Well-Worn,Covert
Apr 19 2022 16: +0,87.51,1,Well-Worn,Covert
Apr 19 2022 17: +0,89.12,1,Well-Worn,Covert
Apr 19 2022 18: +0,93.461,2,Well-Worn,Covert
Apr 19 2022 19: +0,90.217,1,Well-Worn,Covert
Apr 19 2022 20: +0,80.19,1,Well-Worn,Covert
Apr 19 2022 23: +0,80.28,1,Well-Worn,Covert
Apr 20 2022 00: +0,89.195,2,Well-Worn,Covert
Apr 20 2022 10: +0,81.42,1,Well-Worn,Covert
Apr 20 2022 12: +0,97.974,1,Well-Worn,Covert
Apr 20 2022 13: +0,97.504,1,Well-Worn,Covert
Apr 20 2022 15: +0,82.94,1,Well-Worn,Covert
Apr 20 2022 16: +0,82.99,1,Well-Worn,Covert
Apr 20 2022 20: +0,95.073,1,Well-Worn,Covert
Apr 21 2022 02: +0,80.0,1,Well-Worn,Covert
Apr 21 2022 04: +0,91.951,1,Well-Worn,Covert
Apr 21 2022 05: +0,82.932,1,Well-Worn,Covert
Apr 21 2022 11: +0,82.86,1,Well-Worn,Covert
Apr 21 2022 18: +0,84.977,2,Well-Worn,Covert
Apr 21 2022 21: +0,97.242,1,Well-Worn,Covert
Apr 22 2022 04: +0,93.0,1,Well-Worn,Covert
Apr 22 2022 05: +0,85.23,1,Well-Worn,Covert
Apr 22 2022 09: +0,84.0,1,Well-Worn,Covert
Apr 22 2022 11: +0,85.24,1,Well-Worn,Covert
Apr 22 2022 12: +0,80.175,2,Well-Worn,Covert
Apr 22 2022 14: +0,82.053,1,Well-Worn,Covert
Apr 22 2022 17: +0,97.802,2,Well-Worn,Covert
Apr 22 2022 23: +0,93.452,3,Well-Worn,Covert
Apr 23 2022 00: +0,82.448,2,Well-Worn,Covert
Apr 23 2022 03: +0,62.893,1,Well-Worn,Covert
Apr 23 2022 15: +0,66.55,1,Well-Worn,Covert
Apr 23 2022 20: +0,98.187,1,Well-Worn,Covert
Apr 23 2022 22: +0,86.61,1,Well-Worn,Covert
Apr 24 2022 04: +0,96.49,1,Well-Worn,Covert
Apr 24 2022 08: +0,85.51,1,Well-Worn,Covert
Apr 24 2022 09: +0,85.44,1,Well-Worn,Covert
Apr 24 2022 16: +0,90.246,2,Well-Worn,Covert
Apr 24 2022 17: +0,74.61,1,Well-Worn,Covert
Apr 24 2022 18: +0,99.454,1,Well-Worn,Covert
Apr 24 2022 21: +0,85.44,1,Well-Worn,Covert
Apr 24 2022 22: +0,93.215,1,Well-Worn,Covert
Apr 24 2022 23: +0,93.215,1,Well-Worn,Covert
Apr 25 2022 03: +0,85.88,1,Well-Worn,Covert
Apr 25 2022 09: +0,80.5,1,Well-Worn,Covert
Apr 25 2022 14: +0,85.769,1,Well-Worn,Covert
Apr 25 2022 15: +0,85.53,1,Well-Worn,Covert
Apr 25 2022 19: +0,98.444,1,Well-Worn,Covert
Apr 26 2022 05: +0,84.35,1,Well-Worn,Covert
Apr 26 2022 11: +0,87.95,1,Well-Worn,Covert
Apr 26 2022 12: +0,84.35,1,Well-Worn,Covert
Apr 26 2022 13: +0,79.3,1,Well-Worn,Covert
Apr 26 2022 22: +0,78.56,1,Well-Worn,Covert
Apr 26 2022 23: +0,85.786,2,Well-Worn,Covert
Apr 27 2022 07: +0,84.38,1,Well-Worn,Covert
Apr 27 2022 08: +0,91.654,1,Well-Worn,Covert
Apr 27 2022 11: +0,91.141,1,Well-Worn,Covert
Apr 27 2022 17: +0,89.451,1,Well-Worn,Covert
Apr 27 2022 18: +0,84.38,1,Well-Worn,Covert
Apr 27 2022 21: +0,90.666,3,Well-Worn,Covert
Apr 28 2022 03: +0,91.21,1,Well-Worn,Covert
Apr 28 2022 04: +0,84.32,1,Well-Worn,Covert
Apr 28 2022 17: +0,91.881,1,Well-Worn,Covert
Apr 28 2022 19: +0,87.304,1,Well-Worn,Covert
Apr 28 2022 21: +0,88.412,2,Well-Worn,Covert
Apr 29 2022 01: +0,93.564,1,Well-Worn,Covert
Apr 29 2022 07: +0,82.761,1,Well-Worn,Covert
Apr 29 2022 10: +0,79.12,1,Well-Worn,Covert
Apr 29 2022 15: +0,79.32,1,Well-Worn,Covert
Apr 29 2022 16: +0,70.73,1,Well-Worn,Covert
Apr 29 2022 18: +0,85.495,2,Well-Worn,Covert
Apr 29 2022 21: +0,79.43,1,Well-Worn,Covert
Apr 30 2022 03: +0,77.84,2,Well-Worn,Covert
Apr 30 2022 11: +0,84.725,1,Well-Worn,Covert
Apr 30 2022 12: +0,95.093,1,Well-Worn,Covert
May 01 2022 02: +0,92.26,1,Well-Worn,Covert
May 01 2022 06: +0,97.496,1,Well-Worn,Covert
May 01 2022 07: +0,97.511,1,Well-Worn,Covert
May 01 2022 08: +0,79.32,1,Well-Worn,Covert
